Component: ARM Compiler 5.06 update 7 (build 960) Tool: armlink [4d3601]

==============================================================================

Section Cross References

    startup_stm32f10x_hd.o(RESET) refers to startup_stm32f10x_hd.o(STACK) for __initial_sp
    startup_stm32f10x_hd.o(RESET) refers to startup_stm32f10x_hd.o(.text) for Reset_Handler
    startup_stm32f10x_hd.o(RESET) refers to stm32f10x_it.o(.text) for NMI_Handler
    startup_stm32f10x_hd.o(RESET) refers to port.o(.emb_text) for SVC_Handler
    startup_stm32f10x_hd.o(.text) refers to system_stm32f10x.o(.text) for SystemInit
    startup_stm32f10x_hd.o(.text) refers to entry.o(.ARM.Collect$$$$00000000) for __main
    system_stm32f10x.o(.text) refers to system_stm32f10x.o(.data) for .data
    stm32f10x_adc.o(.text) refers to stm32f10x_rcc.o(.text) for RCC_APB2PeriphResetCmd
    stm32f10x_bkp.o(.text) refers to stm32f10x_rcc.o(.text) for RCC_BackupResetCmd
    stm32f10x_can.o(.text) refers to stm32f10x_rcc.o(.text) for RCC_APB1PeriphResetCmd
    stm32f10x_cec.o(.text) refers to stm32f10x_rcc.o(.text) for RCC_APB1PeriphResetCmd
    stm32f10x_dac.o(.text) refers to stm32f10x_rcc.o(.text) for RCC_APB1PeriphResetCmd
    stm32f10x_gpio.o(.text) refers to stm32f10x_rcc.o(.text) for RCC_APB2PeriphResetCmd
    stm32f10x_i2c.o(.text) refers to stm32f10x_rcc.o(.text) for RCC_APB1PeriphResetCmd
    stm32f10x_pwr.o(.text) refers to stm32f10x_rcc.o(.text) for RCC_APB1PeriphResetCmd
    stm32f10x_rcc.o(.text) refers to stm32f10x_rcc.o(.data) for .data
    stm32f10x_spi.o(.text) refers to stm32f10x_rcc.o(.text) for RCC_APB2PeriphResetCmd
    stm32f10x_tim.o(.text) refers to stm32f10x_rcc.o(.text) for RCC_APB1PeriphResetCmd
    stm32f10x_usart.o(.text) refers to stm32f10x_rcc.o(.text) for RCC_APB2PeriphResetCmd
    stm32f10x_wwdg.o(.text) refers to stm32f10x_rcc.o(.text) for RCC_APB1PeriphResetCmd
    led.o(.text) refers to stm32f10x_rcc.o(.text) for RCC_APB2PeriphClockCmd
    led.o(.text) refers to stm32f10x_gpio.o(.text) for GPIO_Init
    main.o(.text) refers to memseta.o(.text) for __aeabi_memclr4
    main.o(.text) refers to tasks.o(.text) for vTaskList
    main.o(.text) refers to printf3.o(i.__0printf$3) for __2printf
    main.o(.text) refers to stm32f10x_gpio.o(.text) for GPIO_ResetBits
    main.o(.text) refers to port.o(.text) for vPortEnterCritical
    main.o(.text) refers to misc.o(.text) for NVIC_PriorityGroupConfig
    main.o(.text) refers to led.o(.text) for LED_Init
    main.o(.text) refers to uart.o(.text) for USART_Config
    main.o(.text) refers to timbase.o(.text) for BASIC_TIM_Init
    main.o(.text) refers to main.o(.data) for .data
    stm32f10x_it.o(.text) refers to tasks.o(.text) for xTaskGetSchedulerState
    stm32f10x_it.o(.text) refers to port.o(.text) for xPortSysTickHandler
    stm32f10x_it.o(.text) refers to stm32f10x_tim.o(.text) for TIM_GetITStatus
    stm32f10x_it.o(.text) refers to stm32f10x_it.o(.data) for .data
    uart.o(.text) refers to stm32f10x_rcc.o(.text) for RCC_APB2PeriphClockCmd
    uart.o(.text) refers to stm32f10x_gpio.o(.text) for GPIO_Init
    uart.o(.text) refers to stm32f10x_usart.o(.text) for USART_Init
    uart.o(.text) refers to misc.o(.text) for NVIC_PriorityGroupConfig
    exti.o(.text) refers to stm32f10x_rcc.o(.text) for RCC_APB2PeriphClockCmd
    exti.o(.text) refers to misc.o(.text) for NVIC_PriorityGroupConfig
    exti.o(.text) refers to stm32f10x_gpio.o(.text) for GPIO_Init
    exti.o(.text) refers to stm32f10x_exti.o(.text) for EXTI_Init
    key.o(.text) refers to stm32f10x_rcc.o(.text) for RCC_APB2PeriphClockCmd
    key.o(.text) refers to stm32f10x_gpio.o(.text) for GPIO_Init
    timbase.o(.text) refers to misc.o(.text) for NVIC_PriorityGroupConfig
    timbase.o(.text) refers to stm32f10x_rcc.o(.text) for RCC_APB1PeriphClockCmd
    timbase.o(.text) refers to stm32f10x_tim.o(.text) for TIM_TimeBaseInit
    event_groups.o(.text) refers to heap_4.o(.text) for pvPortMalloc
    event_groups.o(.text) refers to list.o(.text) for vListInitialise
    event_groups.o(.text) refers to printf3.o(i.__0printf$3) for __2printf
    event_groups.o(.text) refers to tasks.o(.text) for vTaskSuspendAll
    event_groups.o(.text) refers to port.o(.text) for vPortEnterCritical
    queue.o(.text) refers to printf3.o(i.__0printf$3) for __2printf
    queue.o(.text) refers to port.o(.text) for vPortEnterCritical
    queue.o(.text) refers to list.o(.text) for vListInitialise
    queue.o(.text) refers to tasks.o(.text) for xTaskRemoveFromEventList
    queue.o(.text) refers to heap_4.o(.text) for pvPortMalloc
    queue.o(.text) refers to memcpya.o(.text) for __aeabi_memcpy
    queue.o(.text) refers to queue.o(.bss) for .bss
    tasks.o(.text) refers to port.o(.text) for vPortEnterCritical
    tasks.o(.text) refers to list.o(.text) for vListInitialise
    tasks.o(.text) refers to heap_4.o(.text) for pvPortMalloc
    tasks.o(.text) refers to printf3.o(i.__0printf$3) for __2printf
    tasks.o(.text) refers to tasks.o(.data) for .data
    tasks.o(.text) refers to tasks.o(.bss) for .bss
    tasks.o(.text) refers to stm32f10x_it.o(.data) for CPU_RunTime
    tasks.o(.text) refers to printf3.o(i.__0sprintf$3) for __2sprintf
    tasks.o(.text) refers to strlen.o(.text) for strlen
    tasks.o(.text) refers to memseta.o(.text) for __aeabi_memset
    tasks.o(.text) refers to strcpy.o(.text) for strcpy
    heap_4.o(.text) refers to tasks.o(.text) for vTaskSuspendAll
    heap_4.o(.text) refers to printf3.o(i.__0printf$3) for __2printf
    heap_4.o(.text) refers to heap_4.o(.data) for .data
    heap_4.o(.text) refers to heap_4.o(.bss) for .bss
    port.o(.emb_text) refers to tasks.o(.text) for vTaskSwitchContext
    port.o(.emb_text) refers to tasks.o(.data) for pxCurrentTCB
    port.o(.text) refers to printf3.o(i.__0printf$3) for __2printf
    port.o(.text) refers to port.o(.emb_text) for __asm___6_port_c_39a90d8d__prvStartFirstTask
    port.o(.text) refers to tasks.o(.text) for xTaskIncrementTick
    port.o(.text) refers to port.o(.data) for .data
    port.o(.text) refers to system_stm32f10x.o(.data) for SystemCoreClock
    entry.o(.ARM.Collect$$$$00000000) refers (Special) to entry10a.o(.ARM.Collect$$$$0000000F) for __rt_final_cpp
    entry.o(.ARM.Collect$$$$00000000) refers (Special) to entry11a.o(.ARM.Collect$$$$00000011) for __rt_final_exit
    entry.o(.ARM.Collect$$$$00000000) refers (Special) to entry12b.o(.ARM.Collect$$$$0000000E) for __rt_lib_shutdown_fini
    entry.o(.ARM.Collect$$$$00000000) refers (Special) to entry7b.o(.ARM.Collect$$$$00000008) for _main_clock
    entry.o(.ARM.Collect$$$$00000000) refers (Special) to entry8b.o(.ARM.Collect$$$$0000000A) for _main_cpp_init
    entry.o(.ARM.Collect$$$$00000000) refers (Special) to entry9a.o(.ARM.Collect$$$$0000000B) for _main_init
    entry.o(.ARM.Collect$$$$00000000) refers (Special) to entry5.o(.ARM.Collect$$$$00000004) for _main_scatterload
    entry.o(.ARM.Collect$$$$00000000) refers (Special) to entry2.o(.ARM.Collect$$$$00000001) for _main_stk
    printfb.o(i.__0fprintf$bare) refers to printfb.o(i._printf_core) for _printf_core
    printfb.o(i.__0fprintf$bare) refers to uart.o(.text) for fputc
    printfb.o(i.__0printf$bare) refers to printfb.o(i._printf_core) for _printf_core
    printfb.o(i.__0printf$bare) refers to uart.o(.text) for fputc
    printfb.o(i.__0printf$bare) refers to stdout.o(.data) for __stdout
    printfb.o(i.__0snprintf$bare) refers to printfb.o(i._printf_core) for _printf_core
    printfb.o(i.__0snprintf$bare) refers to printfb.o(i._snputc) for _snputc
    printfb.o(i.__0sprintf$bare) refers to printfb.o(i._printf_core) for _printf_core
    printfb.o(i.__0sprintf$bare) refers to printfb.o(i._sputc) for _sputc
    printfb.o(i.__0vfprintf$bare) refers to printfb.o(i._printf_core) for _printf_core
    printfb.o(i.__0vfprintf$bare) refers to uart.o(.text) for fputc
    printfb.o(i.__0vprintf$bare) refers to printfb.o(i._printf_core) for _printf_core
    printfb.o(i.__0vprintf$bare) refers to uart.o(.text) for fputc
    printfb.o(i.__0vprintf$bare) refers to stdout.o(.data) for __stdout
    printfb.o(i.__0vsnprintf$bare) refers to printfb.o(i._printf_core) for _printf_core
    printfb.o(i.__0vsnprintf$bare) refers to printfb.o(i._snputc) for _snputc
    printfb.o(i.__0vsprintf$bare) refers to printfb.o(i._printf_core) for _printf_core
    printfb.o(i.__0vsprintf$bare) refers to printfb.o(i._sputc) for _sputc
    printf0.o(i.__0fprintf$0) refers to printf0.o(i._printf_core) for _printf_core
    printf0.o(i.__0fprintf$0) refers to uart.o(.text) for fputc
    printf0.o(i.__0printf$0) refers to printf0.o(i._printf_core) for _printf_core
    printf0.o(i.__0printf$0) refers to uart.o(.text) for fputc
    printf0.o(i.__0printf$0) refers to stdout.o(.data) for __stdout
    printf0.o(i.__0snprintf$0) refers to printf0.o(i._printf_core) for _printf_core
    printf0.o(i.__0snprintf$0) refers to printf0.o(i._snputc) for _snputc
    printf0.o(i.__0sprintf$0) refers to printf0.o(i._printf_core) for _printf_core
    printf0.o(i.__0sprintf$0) refers to printf0.o(i._sputc) for _sputc
    printf0.o(i.__0vfprintf$0) refers to printf0.o(i._printf_core) for _printf_core
    printf0.o(i.__0vfprintf$0) refers to uart.o(.text) for fputc
    printf0.o(i.__0vprintf$0) refers to printf0.o(i._printf_core) for _printf_core
    printf0.o(i.__0vprintf$0) refers to uart.o(.text) for fputc
    printf0.o(i.__0vprintf$0) refers to stdout.o(.data) for __stdout
    printf0.o(i.__0vsnprintf$0) refers to printf0.o(i._printf_core) for _printf_core
    printf0.o(i.__0vsnprintf$0) refers to printf0.o(i._snputc) for _snputc
    printf0.o(i.__0vsprintf$0) refers to printf0.o(i._printf_core) for _printf_core
    printf0.o(i.__0vsprintf$0) refers to printf0.o(i._sputc) for _sputc
    printf1.o(i.__0fprintf$1) refers to printf1.o(i._printf_core) for _printf_core
    printf1.o(i.__0fprintf$1) refers to uart.o(.text) for fputc
    printf1.o(i.__0printf$1) refers to printf1.o(i._printf_core) for _printf_core
    printf1.o(i.__0printf$1) refers to uart.o(.text) for fputc
    printf1.o(i.__0printf$1) refers to stdout.o(.data) for __stdout
    printf1.o(i.__0snprintf$1) refers to printf1.o(i._printf_core) for _printf_core
    printf1.o(i.__0snprintf$1) refers to printf1.o(i._snputc) for _snputc
    printf1.o(i.__0sprintf$1) refers to printf1.o(i._printf_core) for _printf_core
    printf1.o(i.__0sprintf$1) refers to printf1.o(i._sputc) for _sputc
    printf1.o(i.__0vfprintf$1) refers to printf1.o(i._printf_core) for _printf_core
    printf1.o(i.__0vfprintf$1) refers to uart.o(.text) for fputc
    printf1.o(i.__0vprintf$1) refers to printf1.o(i._printf_core) for _printf_core
    printf1.o(i.__0vprintf$1) refers to uart.o(.text) for fputc
    printf1.o(i.__0vprintf$1) refers to stdout.o(.data) for __stdout
    printf1.o(i.__0vsnprintf$1) refers to printf1.o(i._printf_core) for _printf_core
    printf1.o(i.__0vsnprintf$1) refers to printf1.o(i._snputc) for _snputc
    printf1.o(i.__0vsprintf$1) refers to printf1.o(i._printf_core) for _printf_core
    printf1.o(i.__0vsprintf$1) refers to printf1.o(i._sputc) for _sputc
    printf1.o(i._printf_core) refers to uidiv.o(.text) for __aeabi_uidivmod
    printf2.o(i.__0fprintf$2) refers to printf2.o(i._printf_core) for _printf_core
    printf2.o(i.__0fprintf$2) refers to uart.o(.text) for fputc
    printf2.o(i.__0printf$2) refers to printf2.o(i._printf_core) for _printf_core
    printf2.o(i.__0printf$2) refers to uart.o(.text) for fputc
    printf2.o(i.__0printf$2) refers to stdout.o(.data) for __stdout
    printf2.o(i.__0snprintf$2) refers to printf2.o(i._printf_core) for _printf_core
    printf2.o(i.__0snprintf$2) refers to printf2.o(i._snputc) for _snputc
    printf2.o(i.__0sprintf$2) refers to printf2.o(i._printf_core) for _printf_core
    printf2.o(i.__0sprintf$2) refers to printf2.o(i._sputc) for _sputc
    printf2.o(i.__0vfprintf$2) refers to printf2.o(i._printf_core) for _printf_core
    printf2.o(i.__0vfprintf$2) refers to uart.o(.text) for fputc
    printf2.o(i.__0vprintf$2) refers to printf2.o(i._printf_core) for _printf_core
    printf2.o(i.__0vprintf$2) refers to uart.o(.text) for fputc
    printf2.o(i.__0vprintf$2) refers to stdout.o(.data) for __stdout
    printf2.o(i.__0vsnprintf$2) refers to printf2.o(i._printf_core) for _printf_core
    printf2.o(i.__0vsnprintf$2) refers to printf2.o(i._snputc) for _snputc
    printf2.o(i.__0vsprintf$2) refers to printf2.o(i._printf_core) for _printf_core
    printf2.o(i.__0vsprintf$2) refers to printf2.o(i._sputc) for _sputc
    printf3.o(i.__0fprintf$3) refers to printf3.o(i._printf_core) for _printf_core
    printf3.o(i.__0fprintf$3) refers to uart.o(.text) for fputc
    printf3.o(i.__0printf$3) refers to printf3.o(i._printf_core) for _printf_core
    printf3.o(i.__0printf$3) refers to uart.o(.text) for fputc
    printf3.o(i.__0printf$3) refers to stdout.o(.data) for __stdout
    printf3.o(i.__0snprintf$3) refers to printf3.o(i._printf_core) for _printf_core
    printf3.o(i.__0snprintf$3) refers to printf3.o(i._snputc) for _snputc
    printf3.o(i.__0sprintf$3) refers to printf3.o(i._printf_core) for _printf_core
    printf3.o(i.__0sprintf$3) refers to printf3.o(i._sputc) for _sputc
    printf3.o(i.__0vfprintf$3) refers to printf3.o(i._printf_core) for _printf_core
    printf3.o(i.__0vfprintf$3) refers to uart.o(.text) for fputc
    printf3.o(i.__0vprintf$3) refers to printf3.o(i._printf_core) for _printf_core
    printf3.o(i.__0vprintf$3) refers to uart.o(.text) for fputc
    printf3.o(i.__0vprintf$3) refers to stdout.o(.data) for __stdout
    printf3.o(i.__0vsnprintf$3) refers to printf3.o(i._printf_core) for _printf_core
    printf3.o(i.__0vsnprintf$3) refers to printf3.o(i._snputc) for _snputc
    printf3.o(i.__0vsprintf$3) refers to printf3.o(i._printf_core) for _printf_core
    printf3.o(i.__0vsprintf$3) refers to printf3.o(i._sputc) for _sputc
    printf3.o(i._printf_core) refers to uidiv.o(.text) for __aeabi_uidivmod
    printf4.o(i.__0fprintf$4) refers to printf4.o(i._printf_core) for _printf_core
    printf4.o(i.__0fprintf$4) refers to uart.o(.text) for fputc
    printf4.o(i.__0printf$4) refers to printf4.o(i._printf_core) for _printf_core
    printf4.o(i.__0printf$4) refers to uart.o(.text) for fputc
    printf4.o(i.__0printf$4) refers to stdout.o(.data) for __stdout
    printf4.o(i.__0snprintf$4) refers to printf4.o(i._printf_core) for _printf_core
    printf4.o(i.__0snprintf$4) refers to printf4.o(i._snputc) for _snputc
    printf4.o(i.__0sprintf$4) refers to printf4.o(i._printf_core) for _printf_core
    printf4.o(i.__0sprintf$4) refers to printf4.o(i._sputc) for _sputc
    printf4.o(i.__0vfprintf$4) refers to printf4.o(i._printf_core) for _printf_core
    printf4.o(i.__0vfprintf$4) refers to uart.o(.text) for fputc
    printf4.o(i.__0vprintf$4) refers to printf4.o(i._printf_core) for _printf_core
    printf4.o(i.__0vprintf$4) refers to uart.o(.text) for fputc
    printf4.o(i.__0vprintf$4) refers to stdout.o(.data) for __stdout
    printf4.o(i.__0vsnprintf$4) refers to printf4.o(i._printf_core) for _printf_core
    printf4.o(i.__0vsnprintf$4) refers to printf4.o(i._snputc) for _snputc
    printf4.o(i.__0vsprintf$4) refers to printf4.o(i._printf_core) for _printf_core
    printf4.o(i.__0vsprintf$4) refers to printf4.o(i._sputc) for _sputc
    printf4.o(i._printf_core) refers to uldiv.o(.text) for __aeabi_uldivmod
    printf5.o(i.__0fprintf$5) refers to printf5.o(i._printf_core) for _printf_core
    printf5.o(i.__0fprintf$5) refers to uart.o(.text) for fputc
    printf5.o(i.__0printf$5) refers to printf5.o(i._printf_core) for _printf_core
    printf5.o(i.__0printf$5) refers to uart.o(.text) for fputc
    printf5.o(i.__0printf$5) refers to stdout.o(.data) for __stdout
    printf5.o(i.__0snprintf$5) refers to printf5.o(i._printf_core) for _printf_core
    printf5.o(i.__0snprintf$5) refers to printf5.o(i._snputc) for _snputc
    printf5.o(i.__0sprintf$5) refers to printf5.o(i._printf_core) for _printf_core
    printf5.o(i.__0sprintf$5) refers to printf5.o(i._sputc) for _sputc
    printf5.o(i.__0vfprintf$5) refers to printf5.o(i._printf_core) for _printf_core
    printf5.o(i.__0vfprintf$5) refers to uart.o(.text) for fputc
    printf5.o(i.__0vprintf$5) refers to printf5.o(i._printf_core) for _printf_core
    printf5.o(i.__0vprintf$5) refers to uart.o(.text) for fputc
    printf5.o(i.__0vprintf$5) refers to stdout.o(.data) for __stdout
    printf5.o(i.__0vsnprintf$5) refers to printf5.o(i._printf_core) for _printf_core
    printf5.o(i.__0vsnprintf$5) refers to printf5.o(i._snputc) for _snputc
    printf5.o(i.__0vsprintf$5) refers to printf5.o(i._printf_core) for _printf_core
    printf5.o(i.__0vsprintf$5) refers to printf5.o(i._sputc) for _sputc
    printf5.o(i._printf_core) refers to uldiv.o(.text) for __aeabi_uldivmod
    printf6.o(i.__0fprintf$6) refers to printf6.o(i._printf_core) for _printf_core
    printf6.o(i.__0fprintf$6) refers to uart.o(.text) for fputc
    printf6.o(i.__0printf$6) refers to printf6.o(i._printf_core) for _printf_core
    printf6.o(i.__0printf$6) refers to uart.o(.text) for fputc
    printf6.o(i.__0printf$6) refers to stdout.o(.data) for __stdout
    printf6.o(i.__0snprintf$6) refers to printf6.o(i._printf_core) for _printf_core
    printf6.o(i.__0snprintf$6) refers to printf6.o(i._snputc) for _snputc
    printf6.o(i.__0sprintf$6) refers to printf6.o(i._printf_core) for _printf_core
    printf6.o(i.__0sprintf$6) refers to printf6.o(i._sputc) for _sputc
    printf6.o(i.__0vfprintf$6) refers to printf6.o(i._printf_core) for _printf_core
    printf6.o(i.__0vfprintf$6) refers to uart.o(.text) for fputc
    printf6.o(i.__0vprintf$6) refers to printf6.o(i._printf_core) for _printf_core
    printf6.o(i.__0vprintf$6) refers to uart.o(.text) for fputc
    printf6.o(i.__0vprintf$6) refers to stdout.o(.data) for __stdout
    printf6.o(i.__0vsnprintf$6) refers to printf6.o(i._printf_core) for _printf_core
    printf6.o(i.__0vsnprintf$6) refers to printf6.o(i._snputc) for _snputc
    printf6.o(i.__0vsprintf$6) refers to printf6.o(i._printf_core) for _printf_core
    printf6.o(i.__0vsprintf$6) refers to printf6.o(i._sputc) for _sputc
    printf6.o(i._printf_core) refers to printf6.o(i._printf_pre_padding) for _printf_pre_padding
    printf6.o(i._printf_core) refers to uidiv.o(.text) for __aeabi_uidivmod
    printf6.o(i._printf_core) refers to printf6.o(i._printf_post_padding) for _printf_post_padding
    printf7.o(i.__0fprintf$7) refers to printf7.o(i._printf_core) for _printf_core
    printf7.o(i.__0fprintf$7) refers to uart.o(.text) for fputc
    printf7.o(i.__0printf$7) refers to printf7.o(i._printf_core) for _printf_core
    printf7.o(i.__0printf$7) refers to uart.o(.text) for fputc
    printf7.o(i.__0printf$7) refers to stdout.o(.data) for __stdout
    printf7.o(i.__0snprintf$7) refers to printf7.o(i._printf_core) for _printf_core
    printf7.o(i.__0snprintf$7) refers to printf7.o(i._snputc) for _snputc
    printf7.o(i.__0sprintf$7) refers to printf7.o(i._printf_core) for _printf_core
    printf7.o(i.__0sprintf$7) refers to printf7.o(i._sputc) for _sputc
    printf7.o(i.__0vfprintf$7) refers to printf7.o(i._printf_core) for _printf_core
    printf7.o(i.__0vfprintf$7) refers to uart.o(.text) for fputc
    printf7.o(i.__0vprintf$7) refers to printf7.o(i._printf_core) for _printf_core
    printf7.o(i.__0vprintf$7) refers to uart.o(.text) for fputc
    printf7.o(i.__0vprintf$7) refers to stdout.o(.data) for __stdout
    printf7.o(i.__0vsnprintf$7) refers to printf7.o(i._printf_core) for _printf_core
    printf7.o(i.__0vsnprintf$7) refers to printf7.o(i._snputc) for _snputc
    printf7.o(i.__0vsprintf$7) refers to printf7.o(i._printf_core) for _printf_core
    printf7.o(i.__0vsprintf$7) refers to printf7.o(i._sputc) for _sputc
    printf7.o(i._printf_core) refers to printf7.o(i._printf_pre_padding) for _printf_pre_padding
    printf7.o(i._printf_core) refers to uldiv.o(.text) for __aeabi_uldivmod
    printf7.o(i._printf_core) refers to printf7.o(i._printf_post_padding) for _printf_post_padding
    printf8.o(i.__0fprintf$8) refers to printf8.o(i._printf_core) for _printf_core
    printf8.o(i.__0fprintf$8) refers to uart.o(.text) for fputc
    printf8.o(i.__0printf$8) refers to printf8.o(i._printf_core) for _printf_core
    printf8.o(i.__0printf$8) refers to uart.o(.text) for fputc
    printf8.o(i.__0printf$8) refers to stdout.o(.data) for __stdout
    printf8.o(i.__0snprintf$8) refers to printf8.o(i._printf_core) for _printf_core
    printf8.o(i.__0snprintf$8) refers to printf8.o(i._snputc) for _snputc
    printf8.o(i.__0sprintf$8) refers to printf8.o(i._printf_core) for _printf_core
    printf8.o(i.__0sprintf$8) refers to printf8.o(i._sputc) for _sputc
    printf8.o(i.__0vfprintf$8) refers to printf8.o(i._printf_core) for _printf_core
    printf8.o(i.__0vfprintf$8) refers to uart.o(.text) for fputc
    printf8.o(i.__0vprintf$8) refers to printf8.o(i._printf_core) for _printf_core
    printf8.o(i.__0vprintf$8) refers to uart.o(.text) for fputc
    printf8.o(i.__0vprintf$8) refers to stdout.o(.data) for __stdout
    printf8.o(i.__0vsnprintf$8) refers to printf8.o(i._printf_core) for _printf_core
    printf8.o(i.__0vsnprintf$8) refers to printf8.o(i._snputc) for _snputc
    printf8.o(i.__0vsprintf$8) refers to printf8.o(i._printf_core) for _printf_core
    printf8.o(i.__0vsprintf$8) refers to printf8.o(i._sputc) for _sputc
    printf8.o(i._printf_core) refers to printf8.o(i._printf_pre_padding) for _printf_pre_padding
    printf8.o(i._printf_core) refers to uldiv.o(.text) for __aeabi_uldivmod
    printf8.o(i._printf_core) refers to printf8.o(i._printf_post_padding) for _printf_post_padding
    printfa.o(i.__0fprintf) refers (Special) to iusefp.o(.text) for __I$use$fp
    printfa.o(i.__0fprintf) refers to printfa.o(i._printf_core) for _printf_core
    printfa.o(i.__0fprintf) refers to uart.o(.text) for fputc
    printfa.o(i.__0printf) refers (Special) to iusefp.o(.text) for __I$use$fp
    printfa.o(i.__0printf) refers to printfa.o(i._printf_core) for _printf_core
    printfa.o(i.__0printf) refers to uart.o(.text) for fputc
    printfa.o(i.__0printf) refers to stdout.o(.data) for __stdout
    printfa.o(i.__0snprintf) refers (Special) to iusefp.o(.text) for __I$use$fp
    printfa.o(i.__0snprintf) refers to printfa.o(i._printf_core) for _printf_core
    printfa.o(i.__0snprintf) refers to printfa.o(i._snputc) for _snputc
    printfa.o(i.__0sprintf) refers (Special) to iusefp.o(.text) for __I$use$fp
    printfa.o(i.__0sprintf) refers to printfa.o(i._printf_core) for _printf_core
    printfa.o(i.__0sprintf) refers to printfa.o(i._sputc) for _sputc
    printfa.o(i.__0vfprintf) refers (Special) to iusefp.o(.text) for __I$use$fp
    printfa.o(i.__0vfprintf) refers to printfa.o(i._printf_core) for _printf_core
    printfa.o(i.__0vfprintf) refers to uart.o(.text) for fputc
    printfa.o(i.__0vprintf) refers (Special) to iusefp.o(.text) for __I$use$fp
    printfa.o(i.__0vprintf) refers to printfa.o(i._printf_core) for _printf_core
    printfa.o(i.__0vprintf) refers to uart.o(.text) for fputc
    printfa.o(i.__0vprintf) refers to stdout.o(.data) for __stdout
    printfa.o(i.__0vsnprintf) refers (Special) to iusefp.o(.text) for __I$use$fp
    printfa.o(i.__0vsnprintf) refers to printfa.o(i._printf_core) for _printf_core
    printfa.o(i.__0vsnprintf) refers to printfa.o(i._snputc) for _snputc
    printfa.o(i.__0vsprintf) refers (Special) to iusefp.o(.text) for __I$use$fp
    printfa.o(i.__0vsprintf) refers to printfa.o(i._printf_core) for _printf_core
    printfa.o(i.__0vsprintf) refers to printfa.o(i._sputc) for _sputc
    printfa.o(i._fp_digits) refers (Special) to iusefp.o(.text) for __I$use$fp
    printfa.o(i._fp_digits) refers to dmul.o(.text) for __aeabi_dmul
    printfa.o(i._fp_digits) refers to ddiv.o(.text) for __aeabi_ddiv
    printfa.o(i._fp_digits) refers to cdrcmple.o(.text) for __aeabi_cdrcmple
    printfa.o(i._fp_digits) refers to dadd.o(.text) for __aeabi_dadd
    printfa.o(i._fp_digits) refers to dfixul.o(.text) for __aeabi_d2ulz
    printfa.o(i._fp_digits) refers to uldiv.o(.text) for __aeabi_uldivmod
    printfa.o(i._printf_core) refers (Special) to iusefp.o(.text) for __I$use$fp
    printfa.o(i._printf_core) refers to printfa.o(i._printf_pre_padding) for _printf_pre_padding
    printfa.o(i._printf_core) refers to uldiv.o(.text) for __aeabi_uldivmod
    printfa.o(i._printf_core) refers to printfa.o(i._printf_post_padding) for _printf_post_padding
    printfa.o(i._printf_core) refers to printfa.o(i._fp_digits) for _fp_digits
    printfa.o(i._printf_core) refers to uidiv.o(.text) for __aeabi_uidivmod
    printfa.o(i._printf_post_padding) refers (Special) to iusefp.o(.text) for __I$use$fp
    printfa.o(i._printf_pre_padding) refers (Special) to iusefp.o(.text) for __I$use$fp
    printfa.o(i._snputc) refers (Special) to iusefp.o(.text) for __I$use$fp
    printfa.o(i._sputc) refers (Special) to iusefp.o(.text) for __I$use$fp
    entry2.o(.ARM.Collect$$$$00000001) refers to entry2.o(.ARM.Collect$$$$00002712) for __lit__00000000
    entry2.o(.ARM.Collect$$$$00002712) refers to startup_stm32f10x_hd.o(STACK) for __initial_sp
    entry2.o(__vectab_stack_and_reset_area) refers to startup_stm32f10x_hd.o(STACK) for __initial_sp
    entry2.o(__vectab_stack_and_reset_area) refers to entry.o(.ARM.Collect$$$$00000000) for __main
    entry5.o(.ARM.Collect$$$$00000004) refers to init.o(.text) for __scatterload
    entry9a.o(.ARM.Collect$$$$0000000B) refers to main.o(.text) for main
    entry9b.o(.ARM.Collect$$$$0000000C) refers to main.o(.text) for main
    uldiv.o(.text) refers to llushr.o(.text) for __aeabi_llsr
    uldiv.o(.text) refers to llshl.o(.text) for __aeabi_llsl
    dadd.o(.text) refers to llshl.o(.text) for __aeabi_llsl
    dadd.o(.text) refers to llsshr.o(.text) for __aeabi_lasr
    dadd.o(.text) refers to depilogue.o(.text) for _double_epilogue
    dmul.o(.text) refers to depilogue.o(.text) for _double_epilogue
    ddiv.o(.text) refers to depilogue.o(.text) for _double_round
    dfixul.o(.text) refers to llushr.o(.text) for __aeabi_llsr
    dfixul.o(.text) refers to llshl.o(.text) for __aeabi_llsl
    init.o(.text) refers to entry5.o(.ARM.Collect$$$$00000004) for __main_after_scatterload
    depilogue.o(.text) refers to llshl.o(.text) for __aeabi_llsl
    depilogue.o(.text) refers to llushr.o(.text) for __aeabi_llsr


==============================================================================

Removing Unused input sections from the image.

    Removing startup_stm32f10x_hd.o(HEAP), (512 bytes).
    Removing core_cm3.o(.emb_text), (32 bytes).
    Removing stm32f10x_adc.o(.text), (816 bytes).
    Removing stm32f10x_bkp.o(.text), (152 bytes).
    Removing stm32f10x_can.o(.text), (1824 bytes).
    Removing stm32f10x_cec.o(.text), (248 bytes).
    Removing stm32f10x_crc.o(.text), (64 bytes).
    Removing stm32f10x_dac.o(.text), (252 bytes).
    Removing stm32f10x_dbgmcu.o(.text), (40 bytes).
    Removing stm32f10x_dma.o(.text), (456 bytes).
    Removing stm32f10x_exti.o(.text), (232 bytes).
    Removing stm32f10x_flash.o(.text), (1152 bytes).
    Removing stm32f10x_fsmc.o(.text), (1148 bytes).
    Removing stm32f10x_i2c.o(.text), (808 bytes).
    Removing stm32f10x_iwdg.o(.text), (60 bytes).
    Removing stm32f10x_pwr.o(.text), (172 bytes).
    Removing stm32f10x_rtc.o(.text), (272 bytes).
    Removing stm32f10x_sdio.o(.text), (428 bytes).
    Removing stm32f10x_spi.o(.text), (628 bytes).
    Removing stm32f10x_wwdg.o(.text), (124 bytes).
    Removing exti.o(.text), (168 bytes).
    Removing key.o(.text), (92 bytes).
    Removing event_groups.o(.text), (808 bytes).
    Removing queue.o(.text), (2088 bytes).
    Removing queue.o(.bss), (80 bytes).
    Removing dadd.o(.text), (334 bytes).
    Removing dmul.o(.text), (228 bytes).
    Removing ddiv.o(.text), (222 bytes).
    Removing dfixul.o(.text), (48 bytes).
    Removing cdrcmple.o(.text), (48 bytes).
    Removing depilogue.o(.text), (186 bytes).

31 unused section(s) (total 13722 bytes) removed from the image.

==============================================================================

Image Symbol Table

    Local Symbols

    Symbol Name                              Value     Ov Type        Size  Object(Section)

    ../clib/microlib/division.c              0x00000000   Number         0  uldiv.o ABSOLUTE
    ../clib/microlib/division.c              0x00000000   Number         0  uidiv.o ABSOLUTE
    ../clib/microlib/init/entry.s            0x00000000   Number         0  entry11b.o ABSOLUTE
    ../clib/microlib/init/entry.s            0x00000000   Number         0  entry10a.o ABSOLUTE
    ../clib/microlib/init/entry.s            0x00000000   Number         0  entry10b.o ABSOLUTE
    ../clib/microlib/init/entry.s            0x00000000   Number         0  entry12b.o ABSOLUTE
    ../clib/microlib/init/entry.s            0x00000000   Number         0  entry12a.o ABSOLUTE
    ../clib/microlib/init/entry.s            0x00000000   Number         0  entry11a.o ABSOLUTE
    ../clib/microlib/init/entry.s            0x00000000   Number         0  entry.o ABSOLUTE
    ../clib/microlib/init/entry.s            0x00000000   Number         0  entry8b.o ABSOLUTE
    ../clib/microlib/init/entry.s            0x00000000   Number         0  entry8a.o ABSOLUTE
    ../clib/microlib/init/entry.s            0x00000000   Number         0  entry7b.o ABSOLUTE
    ../clib/microlib/init/entry.s            0x00000000   Number         0  entry7a.o ABSOLUTE
    ../clib/microlib/init/entry.s            0x00000000   Number         0  entry5.o ABSOLUTE
    ../clib/microlib/init/entry.s            0x00000000   Number         0  entry2.o ABSOLUTE
    ../clib/microlib/init/entry.s            0x00000000   Number         0  entry9a.o ABSOLUTE
    ../clib/microlib/init/entry.s            0x00000000   Number         0  entry9b.o ABSOLUTE
    ../clib/microlib/longlong.c              0x00000000   Number         0  llsshr.o ABSOLUTE
    ../clib/microlib/longlong.c              0x00000000   Number         0  llushr.o ABSOLUTE
    ../clib/microlib/longlong.c              0x00000000   Number         0  llshl.o ABSOLUTE
    ../clib/microlib/printf/printf.c         0x00000000   Number         0  printf3.o ABSOLUTE
    ../clib/microlib/printf/printf.c         0x00000000   Number         0  printf4.o ABSOLUTE
    ../clib/microlib/printf/printf.c         0x00000000   Number         0  printf5.o ABSOLUTE
    ../clib/microlib/printf/printf.c         0x00000000   Number         0  printf6.o ABSOLUTE
    ../clib/microlib/printf/printf.c         0x00000000   Number         0  printf7.o ABSOLUTE
    ../clib/microlib/printf/printf.c         0x00000000   Number         0  printf8.o ABSOLUTE
    ../clib/microlib/printf/printf.c         0x00000000   Number         0  printfa.o ABSOLUTE
    ../clib/microlib/printf/printf.c         0x00000000   Number         0  printf0.o ABSOLUTE
    ../clib/microlib/printf/printf.c         0x00000000   Number         0  printfb.o ABSOLUTE
    ../clib/microlib/printf/printf.c         0x00000000   Number         0  printf1.o ABSOLUTE
    ../clib/microlib/printf/printf.c         0x00000000   Number         0  printf2.o ABSOLUTE
    ../clib/microlib/printf/stubs.s          0x00000000   Number         0  stubs.o ABSOLUTE
    ../clib/microlib/stdio/streams.c         0x00000000   Number         0  stdout.o ABSOLUTE
    ../clib/microlib/string/memcpy.c         0x00000000   Number         0  memcpya.o ABSOLUTE
    ../clib/microlib/string/memcpy.c         0x00000000   Number         0  memcpyb.o ABSOLUTE
    ../clib/microlib/string/memset.c         0x00000000   Number         0  memseta.o ABSOLUTE
    ../clib/microlib/string/strcpy.c         0x00000000   Number         0  strcpy.o ABSOLUTE
    ../clib/microlib/string/strlen.c         0x00000000   Number         0  strlen.o ABSOLUTE
    ../clib/microlib/stubs.s                 0x00000000   Number         0  iusefp.o ABSOLUTE
    ../fplib/microlib/fpadd.c                0x00000000   Number         0  dadd.o ABSOLUTE
    ../fplib/microlib/fpdiv.c                0x00000000   Number         0  ddiv.o ABSOLUTE
    ../fplib/microlib/fpepilogue.c           0x00000000   Number         0  depilogue.o ABSOLUTE
    ../fplib/microlib/fpfix.c                0x00000000   Number         0  dfixul.o ABSOLUTE
    ../fplib/microlib/fpmul.c                0x00000000   Number         0  dmul.o ABSOLUTE
    ..\FreeRTOS\port\MemMang\heap_4.c        0x00000000   Number         0  heap_4.o ABSOLUTE
    ..\FreeRTOS\port\RVDS\ARM_CM3\port.c     0x00000000   Number         0  port.o ABSOLUTE
    ..\FreeRTOS\src\croutine.c               0x00000000   Number         0  croutine.o ABSOLUTE
    ..\FreeRTOS\src\event_groups.c           0x00000000   Number         0  event_groups.o ABSOLUTE
    ..\FreeRTOS\src\list.c                   0x00000000   Number         0  list.o ABSOLUTE
    ..\FreeRTOS\src\queue.c                  0x00000000   Number         0  queue.o ABSOLUTE
    ..\FreeRTOS\src\tasks.c                  0x00000000   Number         0  tasks.o ABSOLUTE
    ..\FreeRTOS\src\timers.c                 0x00000000   Number         0  timers.o ABSOLUTE
    ..\Libraries\CMSIS\core_cm3.c            0x00000000   Number         0  core_cm3.o ABSOLUTE
    ..\Libraries\CMSIS\startup\startup_stm32f10x_hd.s 0x00000000   Number         0  startup_stm32f10x_hd.o ABSOLUTE
    ..\Libraries\CMSIS\system_stm32f10x.c    0x00000000   Number         0  system_stm32f10x.o ABSOLUTE
    ..\Libraries\FWlib\src\misc.c            0x00000000   Number         0  misc.o ABSOLUTE
    ..\Libraries\FWlib\src\stm32f10x_adc.c   0x00000000   Number         0  stm32f10x_adc.o ABSOLUTE
    ..\Libraries\FWlib\src\stm32f10x_bkp.c   0x00000000   Number         0  stm32f10x_bkp.o ABSOLUTE
    ..\Libraries\FWlib\src\stm32f10x_can.c   0x00000000   Number         0  stm32f10x_can.o ABSOLUTE
    ..\Libraries\FWlib\src\stm32f10x_cec.c   0x00000000   Number         0  stm32f10x_cec.o ABSOLUTE
    ..\Libraries\FWlib\src\stm32f10x_crc.c   0x00000000   Number         0  stm32f10x_crc.o ABSOLUTE
    ..\Libraries\FWlib\src\stm32f10x_dac.c   0x00000000   Number         0  stm32f10x_dac.o ABSOLUTE
    ..\Libraries\FWlib\src\stm32f10x_dbgmcu.c 0x00000000   Number         0  stm32f10x_dbgmcu.o ABSOLUTE
    ..\Libraries\FWlib\src\stm32f10x_dma.c   0x00000000   Number         0  stm32f10x_dma.o ABSOLUTE
    ..\Libraries\FWlib\src\stm32f10x_exti.c  0x00000000   Number         0  stm32f10x_exti.o ABSOLUTE
    ..\Libraries\FWlib\src\stm32f10x_flash.c 0x00000000   Number         0  stm32f10x_flash.o ABSOLUTE
    ..\Libraries\FWlib\src\stm32f10x_fsmc.c  0x00000000   Number         0  stm32f10x_fsmc.o ABSOLUTE
    ..\Libraries\FWlib\src\stm32f10x_gpio.c  0x00000000   Number         0  stm32f10x_gpio.o ABSOLUTE
    ..\Libraries\FWlib\src\stm32f10x_i2c.c   0x00000000   Number         0  stm32f10x_i2c.o ABSOLUTE
    ..\Libraries\FWlib\src\stm32f10x_iwdg.c  0x00000000   Number         0  stm32f10x_iwdg.o ABSOLUTE
    ..\Libraries\FWlib\src\stm32f10x_pwr.c   0x00000000   Number         0  stm32f10x_pwr.o ABSOLUTE
    ..\Libraries\FWlib\src\stm32f10x_rcc.c   0x00000000   Number         0  stm32f10x_rcc.o ABSOLUTE
    ..\Libraries\FWlib\src\stm32f10x_rtc.c   0x00000000   Number         0  stm32f10x_rtc.o ABSOLUTE
    ..\Libraries\FWlib\src\stm32f10x_sdio.c  0x00000000   Number         0  stm32f10x_sdio.o ABSOLUTE
    ..\Libraries\FWlib\src\stm32f10x_spi.c   0x00000000   Number         0  stm32f10x_spi.o ABSOLUTE
    ..\Libraries\FWlib\src\stm32f10x_tim.c   0x00000000   Number         0  stm32f10x_tim.o ABSOLUTE
    ..\Libraries\FWlib\src\stm32f10x_usart.c 0x00000000   Number         0  stm32f10x_usart.o ABSOLUTE
    ..\Libraries\FWlib\src\stm32f10x_wwdg.c  0x00000000   Number         0  stm32f10x_wwdg.o ABSOLUTE
    ..\User\TimBase\TiMbase.c                0x00000000   Number         0  timbase.o ABSOLUTE
    ..\User\exti\exti.c                      0x00000000   Number         0  exti.o ABSOLUTE
    ..\User\key\key.c                        0x00000000   Number         0  key.o ABSOLUTE
    ..\User\led\led.c                        0x00000000   Number         0  led.o ABSOLUTE
    ..\User\main.c                           0x00000000   Number         0  main.o ABSOLUTE
    ..\User\stm32f10x_it.c                   0x00000000   Number         0  stm32f10x_it.o ABSOLUTE
    ..\User\uart\uart.c                      0x00000000   Number         0  uart.o ABSOLUTE
    ..\\FreeRTOS\\port\\RVDS\\ARM_CM3\\port.c 0x00000000   Number         0  port.o ABSOLUTE
    ..\\Libraries\\CMSIS\\core_cm3.c         0x00000000   Number         0  core_cm3.o ABSOLUTE
    cdrcmple.s                               0x00000000   Number         0  cdrcmple.o ABSOLUTE
    dc.s                                     0x00000000   Number         0  dc.o ABSOLUTE
    handlers.s                               0x00000000   Number         0  handlers.o ABSOLUTE
    init.s                                   0x00000000   Number         0  init.o ABSOLUTE
    RESET                                    0x08000000   Section      304  startup_stm32f10x_hd.o(RESET)
    .ARM.Collect$$$$00000000                 0x08000130   Section        0  entry.o(.ARM.Collect$$$$00000000)
    .ARM.Collect$$$$00000001                 0x08000130   Section        4  entry2.o(.ARM.Collect$$$$00000001)
    .ARM.Collect$$$$00000004                 0x08000134   Section        4  entry5.o(.ARM.Collect$$$$00000004)
    .ARM.Collect$$$$00000008                 0x08000138   Section        0  entry7b.o(.ARM.Collect$$$$00000008)
    .ARM.Collect$$$$0000000A                 0x08000138   Section        0  entry8b.o(.ARM.Collect$$$$0000000A)
    .ARM.Collect$$$$0000000B                 0x08000138   Section        8  entry9a.o(.ARM.Collect$$$$0000000B)
    .ARM.Collect$$$$0000000E                 0x08000140   Section        4  entry12b.o(.ARM.Collect$$$$0000000E)
    .ARM.Collect$$$$0000000F                 0x08000144   Section        0  entry10a.o(.ARM.Collect$$$$0000000F)
    .ARM.Collect$$$$00000011                 0x08000144   Section        0  entry11a.o(.ARM.Collect$$$$00000011)
    .ARM.Collect$$$$00002712                 0x08000144   Section        4  entry2.o(.ARM.Collect$$$$00002712)
    __lit__00000000                          0x08000144   Data           4  entry2.o(.ARM.Collect$$$$00002712)
    .emb_text                                0x08000148   Section      150  port.o(.emb_text)
    .text                                    0x080001e0   Section       36  startup_stm32f10x_hd.o(.text)
    .text                                    0x08000204   Section        0  system_stm32f10x.o(.text)
    SetSysClockTo72                          0x08000205   Thumb Code   160  system_stm32f10x.o(.text)
    .text                                    0x0800035c   Section        0  misc.o(.text)
    .text                                    0x0800040c   Section        0  stm32f10x_gpio.o(.text)
    .text                                    0x08000684   Section        0  stm32f10x_rcc.o(.text)
    .text                                    0x0800093c   Section        0  stm32f10x_tim.o(.text)
    TI2_Config                               0x08000ccf   Thumb Code   166  stm32f10x_tim.o(.text)
    TI1_Config                               0x08000d85   Thumb Code    88  stm32f10x_tim.o(.text)
    .text                                    0x0800142c   Section        0  stm32f10x_usart.o(.text)
    .text                                    0x08001754   Section        0  led.o(.text)
    .text                                    0x080017b4   Section        0  main.o(.text)
    CPU_Task                                 0x080017b5   Thumb Code    92  main.o(.text)
    LED2_Task                                0x08001811   Thumb Code    48  main.o(.text)
    LED1_Task                                0x08001841   Thumb Code    48  main.o(.text)
    AppTaskCreate                            0x08001871   Thumb Code   120  main.o(.text)
    .text                                    0x08001b1c   Section        0  stm32f10x_it.o(.text)
    .text                                    0x08001b6c   Section        0  uart.o(.text)
    .text                                    0x08001cf0   Section        0  timbase.o(.text)
    .text                                    0x08001d58   Section        0  list.o(.text)
    .text                                    0x08001de0   Section        0  tasks.o(.text)
    prvAddNewTaskToReadyList                 0x08001de1   Thumb Code   192  tasks.o(.text)
    prvAddCurrentTaskToDelayedList           0x08002101   Thumb Code   102  tasks.o(.text)
    prvTaskIsTaskSuspended                   0x080024c1   Thumb Code    48  tasks.o(.text)
    prvIdleTask                              0x080025e3   Thumb Code    30  tasks.o(.text)
    prvListTasksWithinSingleList             0x0800275b   Thumb Code    84  tasks.o(.text)
    prvInitialiseNewTask                     0x08002f47   Thumb Code   150  tasks.o(.text)
    prvResetNextTaskUnblockTime              0x08002fdd   Thumb Code    26  tasks.o(.text)
    prvDeleteTCB                             0x08002ff7   Thumb Code    20  tasks.o(.text)
    prvCheckTasksWaitingTermination          0x0800300b   Thumb Code    76  tasks.o(.text)
    prvWriteNameToBuffer                     0x08003057   Thumb Code    34  tasks.o(.text)
    .text                                    0x080030ac   Section        0  heap_4.o(.text)
    prvInsertBlockIntoFreeList               0x080030ad   Thumb Code    72  heap_4.o(.text)
    prvHeapInit                              0x0800323d   Thumb Code    66  heap_4.o(.text)
    .text                                    0x080032bc   Section        0  port.o(.text)
    prvTaskExitError                         0x080032bd   Thumb Code    34  port.o(.text)
    .text                                    0x080034b0   Section        0  memseta.o(.text)
    .text                                    0x080034d4   Section        0  strlen.o(.text)
    .text                                    0x080034e2   Section        0  strcpy.o(.text)
    .text                                    0x080034f4   Section        0  uidiv.o(.text)
    .text                                    0x08003520   Section       36  init.o(.text)
    i.__0printf$3                            0x08003544   Section        0  printf3.o(i.__0printf$3)
    i.__0sprintf$3                           0x08003564   Section        0  printf3.o(i.__0sprintf$3)
    i.__scatterload_copy                     0x0800358c   Section       14  handlers.o(i.__scatterload_copy)
    i.__scatterload_null                     0x0800359a   Section        2  handlers.o(i.__scatterload_null)
    i.__scatterload_zeroinit                 0x0800359c   Section       14  handlers.o(i.__scatterload_zeroinit)
    i._printf_core                           0x080035ac   Section        0  printf3.o(i._printf_core)
    _printf_core                             0x080035ad   Thumb Code   436  printf3.o(i._printf_core)
    i._sputc                                 0x08003764   Section        0  printf3.o(i._sputc)
    _sputc                                   0x08003765   Thumb Code    10  printf3.o(i._sputc)
    .data                                    0x20000000   Section       20  system_stm32f10x.o(.data)
    .data                                    0x20000014   Section       20  stm32f10x_rcc.o(.data)
    ADCPrescTable                            0x20000014   Data           4  stm32f10x_rcc.o(.data)
    APBAHBPrescTable                         0x20000018   Data          16  stm32f10x_rcc.o(.data)
    .data                                    0x20000028   Section       16  main.o(.data)
    AppTaskCreate_Handle                     0x20000028   Data           4  main.o(.data)
    LED1_Task_Handle                         0x2000002c   Data           4  main.o(.data)
    LED2_Task_Handle                         0x20000030   Data           4  main.o(.data)
    CPU_Task_Handle                          0x20000034   Data           4  main.o(.data)
    .data                                    0x20000038   Section        4  stm32f10x_it.o(.data)
    .data                                    0x2000003c   Section       68  tasks.o(.data)
    uxDeletedTasksWaitingCleanUp             0x20000040   Data           4  tasks.o(.data)
    uxCurrentNumberOfTasks                   0x20000044   Data           4  tasks.o(.data)
    xTickCount                               0x20000048   Data           4  tasks.o(.data)
    uxTopReadyPriority                       0x2000004c   Data           4  tasks.o(.data)
    xSchedulerRunning                        0x20000050   Data           4  tasks.o(.data)
    uxPendedTicks                            0x20000054   Data           4  tasks.o(.data)
    xYieldPending                            0x20000058   Data           4  tasks.o(.data)
    xNumOfOverflows                          0x2000005c   Data           4  tasks.o(.data)
    uxTaskNumber                             0x20000060   Data           4  tasks.o(.data)
    xNextTaskUnblockTime                     0x20000064   Data           4  tasks.o(.data)
    xIdleTaskHandle                          0x20000068   Data           4  tasks.o(.data)
    uxSchedulerSuspended                     0x2000006c   Data           4  tasks.o(.data)
    ulTaskSwitchedInTime                     0x20000070   Data           4  tasks.o(.data)
    ulTotalRunTime                           0x20000074   Data           4  tasks.o(.data)
    pxDelayedTaskList                        0x20000078   Data           4  tasks.o(.data)
    pxOverflowDelayedTaskList                0x2000007c   Data           4  tasks.o(.data)
    .data                                    0x20000080   Section       24  heap_4.o(.data)
    pxEnd                                    0x20000080   Data           4  heap_4.o(.data)
    xFreeBytesRemaining                      0x20000084   Data           4  heap_4.o(.data)
    xMinimumEverFreeBytesRemaining           0x20000088   Data           4  heap_4.o(.data)
    xBlockAllocatedBit                       0x2000008c   Data           4  heap_4.o(.data)
    xStart                                   0x20000090   Data           8  heap_4.o(.data)
    .data                                    0x20000098   Section       12  port.o(.data)
    ucMaxSysCallPriority                     0x20000098   Data           1  port.o(.data)
    uxCriticalNesting                        0x2000009c   Data           4  port.o(.data)
    ulMaxPRIGROUPValue                       0x200000a0   Data           4  port.o(.data)
    .data                                    0x200000a4   Section        4  stdout.o(.data)
    .bss                                     0x200000a8   Section      740  tasks.o(.bss)
    pxReadyTasksLists                        0x200000a8   Data         640  tasks.o(.bss)
    xDelayedTaskList1                        0x20000328   Data          20  tasks.o(.bss)
    xDelayedTaskList2                        0x2000033c   Data          20  tasks.o(.bss)
    xPendingReadyList                        0x20000350   Data          20  tasks.o(.bss)
    xTasksWaitingTermination                 0x20000364   Data          20  tasks.o(.bss)
    xSuspendedTaskList                       0x20000378   Data          20  tasks.o(.bss)
    .bss                                     0x2000038c   Section    36864  heap_4.o(.bss)
    ucHeap                                   0x2000038c   Data       36864  heap_4.o(.bss)
    STACK                                    0x20009390   Section     1024  startup_stm32f10x_hd.o(STACK)

    Global Symbols

    Symbol Name                              Value     Ov Type        Size  Object(Section)

    BuildAttributes$$THM_ISAv4$P$D$K$B$S$PE$A:L22UL41UL21$X:L11$S22US41US21$IEEE1$IW$USESV6$~STKCKD$USESV7$~SHL$OSPACE$ROPI$EBA8$MICROLIB$REQ8$PRES8$EABIv2 0x00000000   Number         0  anon$$obj.o ABSOLUTE
    __ARM_use_no_argv                        0x00000000   Number         0  main.o ABSOLUTE
    _printf_a                                0x00000000   Number         0  stubs.o ABSOLUTE
    _printf_c                                0x00000000   Number         0  stubs.o ABSOLUTE
    _printf_charcount                        0x00000000   Number         0  stubs.o ABSOLUTE
    _printf_d                                0x00000000   Number         0  stubs.o ABSOLUTE
    _printf_e                                0x00000000   Number         0  stubs.o ABSOLUTE
    _printf_f                                0x00000000   Number         0  stubs.o ABSOLUTE
    _printf_flags                            0x00000000   Number         0  stubs.o ABSOLUTE
    _printf_fp_dec                           0x00000000   Number         0  stubs.o ABSOLUTE
    _printf_fp_hex                           0x00000000   Number         0  stubs.o ABSOLUTE
    _printf_g                                0x00000000   Number         0  stubs.o ABSOLUTE
    _printf_i                                0x00000000   Number         0  stubs.o ABSOLUTE
    _printf_int_dec                          0x00000000   Number         0  stubs.o ABSOLUTE
    _printf_l                                0x00000000   Number         0  stubs.o ABSOLUTE
    _printf_lc                               0x00000000   Number         0  stubs.o ABSOLUTE
    _printf_ll                               0x00000000   Number         0  stubs.o ABSOLUTE
    _printf_lld                              0x00000000   Number         0  stubs.o ABSOLUTE
    _printf_lli                              0x00000000   Number         0  stubs.o ABSOLUTE
    _printf_llo                              0x00000000   Number         0  stubs.o ABSOLUTE
    _printf_llu                              0x00000000   Number         0  stubs.o ABSOLUTE
    _printf_llx                              0x00000000   Number         0  stubs.o ABSOLUTE
    _printf_longlong_dec                     0x00000000   Number         0  stubs.o ABSOLUTE
    _printf_longlong_hex                     0x00000000   Number         0  stubs.o ABSOLUTE
    _printf_longlong_oct                     0x00000000   Number         0  stubs.o ABSOLUTE
    _printf_ls                               0x00000000   Number         0  stubs.o ABSOLUTE
    _printf_mbtowc                           0x00000000   Number         0  stubs.o ABSOLUTE
    _printf_n                                0x00000000   Number         0  stubs.o ABSOLUTE
    _printf_o                                0x00000000   Number         0  stubs.o ABSOLUTE
    _printf_p                                0x00000000   Number         0  stubs.o ABSOLUTE
    _printf_percent                          0x00000000   Number         0  stubs.o ABSOLUTE
    _printf_pre_padding                      0x00000000   Number         0  stubs.o ABSOLUTE
    _printf_return_value                     0x00000000   Number         0  stubs.o ABSOLUTE
    _printf_s                                0x00000000   Number         0  stubs.o ABSOLUTE
    _printf_sizespec                         0x00000000   Number         0  stubs.o ABSOLUTE
    _printf_str                              0x00000000   Number         0  stubs.o ABSOLUTE
    _printf_truncate_signed                  0x00000000   Number         0  stubs.o ABSOLUTE
    _printf_truncate_unsigned                0x00000000   Number         0  stubs.o ABSOLUTE
    _printf_u                                0x00000000   Number         0  stubs.o ABSOLUTE
    _printf_wc                               0x00000000   Number         0  stubs.o ABSOLUTE
    _printf_wctomb                           0x00000000   Number         0  stubs.o ABSOLUTE
    _printf_widthprec                        0x00000000   Number         0  stubs.o ABSOLUTE
    _printf_x                                0x00000000   Number         0  stubs.o ABSOLUTE
    __arm_fini_                               - Undefined Weak Reference
    __cpp_initialize__aeabi_                  - Undefined Weak Reference
    __cxa_finalize                            - Undefined Weak Reference
    __decompress                              - Undefined Weak Reference
    _clock_init                               - Undefined Weak Reference
    _microlib_exit                            - Undefined Weak Reference
    __Vectors_Size                           0x00000130   Number         0  startup_stm32f10x_hd.o ABSOLUTE
    __Vectors                                0x08000000   Data           4  startup_stm32f10x_hd.o(RESET)
    __Vectors_End                            0x08000130   Data           0  startup_stm32f10x_hd.o(RESET)
    __main                                   0x08000131   Thumb Code     0  entry.o(.ARM.Collect$$$$00000000)
    _main_stk                                0x08000131   Thumb Code     0  entry2.o(.ARM.Collect$$$$00000001)
    _main_scatterload                        0x08000135   Thumb Code     0  entry5.o(.ARM.Collect$$$$00000004)
    __main_after_scatterload                 0x08000139   Thumb Code     0  entry5.o(.ARM.Collect$$$$00000004)
    _main_clock                              0x08000139   Thumb Code     0  entry7b.o(.ARM.Collect$$$$00000008)
    _main_cpp_init                           0x08000139   Thumb Code     0  entry8b.o(.ARM.Collect$$$$0000000A)
    _main_init                               0x08000139   Thumb Code     0  entry9a.o(.ARM.Collect$$$$0000000B)
    __rt_lib_shutdown_fini                   0x08000141   Thumb Code     0  entry12b.o(.ARM.Collect$$$$0000000E)
    __rt_final_cpp                           0x08000145   Thumb Code     0  entry10a.o(.ARM.Collect$$$$0000000F)
    __rt_final_exit                          0x08000145   Thumb Code     0  entry11a.o(.ARM.Collect$$$$00000011)
    SVC_Handler                              0x08000149   Thumb Code    32  port.o(.emb_text)
    __asm___6_port_c_39a90d8d__prvStartFirstTask 0x0800016d   Thumb Code    28  port.o(.emb_text)
    PendSV_Handler                           0x0800018d   Thumb Code    72  port.o(.emb_text)
    vPortGetIPSR                             0x080001d9   Thumb Code     6  port.o(.emb_text)
    Reset_Handler                            0x080001e1   Thumb Code     8  startup_stm32f10x_hd.o(.text)
    ADC1_2_IRQHandler                        0x080001fb   Thumb Code     0  startup_stm32f10x_hd.o(.text)
    ADC3_IRQHandler                          0x080001fb   Thumb Code     0  startup_stm32f10x_hd.o(.text)
    CAN1_RX1_IRQHandler                      0x080001fb   Thumb Code     0  startup_stm32f10x_hd.o(.text)
    CAN1_SCE_IRQHandler                      0x080001fb   Thumb Code     0  startup_stm32f10x_hd.o(.text)
    DMA1_Channel1_IRQHandler                 0x080001fb   Thumb Code     0  startup_stm32f10x_hd.o(.text)
    DMA1_Channel2_IRQHandler                 0x080001fb   Thumb Code     0  startup_stm32f10x_hd.o(.text)
    DMA1_Channel3_IRQHandler                 0x080001fb   Thumb Code     0  startup_stm32f10x_hd.o(.text)
    DMA1_Channel4_IRQHandler                 0x080001fb   Thumb Code     0  startup_stm32f10x_hd.o(.text)
    DMA1_Channel5_IRQHandler                 0x080001fb   Thumb Code     0  startup_stm32f10x_hd.o(.text)
    DMA1_Channel6_IRQHandler                 0x080001fb   Thumb Code     0  startup_stm32f10x_hd.o(.text)
    DMA1_Channel7_IRQHandler                 0x080001fb   Thumb Code     0  startup_stm32f10x_hd.o(.text)
    DMA2_Channel1_IRQHandler                 0x080001fb   Thumb Code     0  startup_stm32f10x_hd.o(.text)
    DMA2_Channel2_IRQHandler                 0x080001fb   Thumb Code     0  startup_stm32f10x_hd.o(.text)
    DMA2_Channel3_IRQHandler                 0x080001fb   Thumb Code     0  startup_stm32f10x_hd.o(.text)
    DMA2_Channel4_5_IRQHandler               0x080001fb   Thumb Code     0  startup_stm32f10x_hd.o(.text)
    EXTI0_IRQHandler                         0x080001fb   Thumb Code     0  startup_stm32f10x_hd.o(.text)
    EXTI15_10_IRQHandler                     0x080001fb   Thumb Code     0  startup_stm32f10x_hd.o(.text)
    EXTI1_IRQHandler                         0x080001fb   Thumb Code     0  startup_stm32f10x_hd.o(.text)
    EXTI2_IRQHandler                         0x080001fb   Thumb Code     0  startup_stm32f10x_hd.o(.text)
    EXTI3_IRQHandler                         0x080001fb   Thumb Code     0  startup_stm32f10x_hd.o(.text)
    EXTI4_IRQHandler                         0x080001fb   Thumb Code     0  startup_stm32f10x_hd.o(.text)
    EXTI9_5_IRQHandler                       0x080001fb   Thumb Code     0  startup_stm32f10x_hd.o(.text)
    FLASH_IRQHandler                         0x080001fb   Thumb Code     0  startup_stm32f10x_hd.o(.text)
    FSMC_IRQHandler                          0x080001fb   Thumb Code     0  startup_stm32f10x_hd.o(.text)
    I2C1_ER_IRQHandler                       0x080001fb   Thumb Code     0  startup_stm32f10x_hd.o(.text)
    I2C1_EV_IRQHandler                       0x080001fb   Thumb Code     0  startup_stm32f10x_hd.o(.text)
    I2C2_ER_IRQHandler                       0x080001fb   Thumb Code     0  startup_stm32f10x_hd.o(.text)
    I2C2_EV_IRQHandler                       0x080001fb   Thumb Code     0  startup_stm32f10x_hd.o(.text)
    PVD_IRQHandler                           0x080001fb   Thumb Code     0  startup_stm32f10x_hd.o(.text)
    RCC_IRQHandler                           0x080001fb   Thumb Code     0  startup_stm32f10x_hd.o(.text)
    RTCAlarm_IRQHandler                      0x080001fb   Thumb Code     0  startup_stm32f10x_hd.o(.text)
    RTC_IRQHandler                           0x080001fb   Thumb Code     0  startup_stm32f10x_hd.o(.text)
    SDIO_IRQHandler                          0x080001fb   Thumb Code     0  startup_stm32f10x_hd.o(.text)
    SPI1_IRQHandler                          0x080001fb   Thumb Code     0  startup_stm32f10x_hd.o(.text)
    SPI2_IRQHandler                          0x080001fb   Thumb Code     0  startup_stm32f10x_hd.o(.text)
    SPI3_IRQHandler                          0x080001fb   Thumb Code     0  startup_stm32f10x_hd.o(.text)
    TAMPER_IRQHandler                        0x080001fb   Thumb Code     0  startup_stm32f10x_hd.o(.text)
    TIM1_BRK_IRQHandler                      0x080001fb   Thumb Code     0  startup_stm32f10x_hd.o(.text)
    TIM1_CC_IRQHandler                       0x080001fb   Thumb Code     0  startup_stm32f10x_hd.o(.text)
    TIM1_TRG_COM_IRQHandler                  0x080001fb   Thumb Code     0  startup_stm32f10x_hd.o(.text)
    TIM1_UP_IRQHandler                       0x080001fb   Thumb Code     0  startup_stm32f10x_hd.o(.text)
    TIM2_IRQHandler                          0x080001fb   Thumb Code     0  startup_stm32f10x_hd.o(.text)
    TIM3_IRQHandler                          0x080001fb   Thumb Code     0  startup_stm32f10x_hd.o(.text)
    TIM4_IRQHandler                          0x080001fb   Thumb Code     0  startup_stm32f10x_hd.o(.text)
    TIM5_IRQHandler                          0x080001fb   Thumb Code     0  startup_stm32f10x_hd.o(.text)
    TIM7_IRQHandler                          0x080001fb   Thumb Code     0  startup_stm32f10x_hd.o(.text)
    TIM8_BRK_IRQHandler                      0x080001fb   Thumb Code     0  startup_stm32f10x_hd.o(.text)
    TIM8_CC_IRQHandler                       0x080001fb   Thumb Code     0  startup_stm32f10x_hd.o(.text)
    TIM8_TRG_COM_IRQHandler                  0x080001fb   Thumb Code     0  startup_stm32f10x_hd.o(.text)
    TIM8_UP_IRQHandler                       0x080001fb   Thumb Code     0  startup_stm32f10x_hd.o(.text)
    UART4_IRQHandler                         0x080001fb   Thumb Code     0  startup_stm32f10x_hd.o(.text)
    UART5_IRQHandler                         0x080001fb   Thumb Code     0  startup_stm32f10x_hd.o(.text)
    USART1_IRQHandler                        0x080001fb   Thumb Code     0  startup_stm32f10x_hd.o(.text)
    USART2_IRQHandler                        0x080001fb   Thumb Code     0  startup_stm32f10x_hd.o(.text)
    USART3_IRQHandler                        0x080001fb   Thumb Code     0  startup_stm32f10x_hd.o(.text)
    USBWakeUp_IRQHandler                     0x080001fb   Thumb Code     0  startup_stm32f10x_hd.o(.text)
    USB_HP_CAN1_TX_IRQHandler                0x080001fb   Thumb Code     0  startup_stm32f10x_hd.o(.text)
    USB_LP_CAN1_RX0_IRQHandler               0x080001fb   Thumb Code     0  startup_stm32f10x_hd.o(.text)
    WWDG_IRQHandler                          0x080001fb   Thumb Code     0  startup_stm32f10x_hd.o(.text)
    SystemInit                               0x080002a5   Thumb Code    64  system_stm32f10x.o(.text)
    SystemCoreClockUpdate                    0x080002e5   Thumb Code    86  system_stm32f10x.o(.text)
    NVIC_PriorityGroupConfig                 0x0800035d   Thumb Code    10  misc.o(.text)
    NVIC_Init                                0x08000367   Thumb Code    94  misc.o(.text)
    NVIC_SetVectorTable                      0x080003c5   Thumb Code    14  misc.o(.text)
    NVIC_SystemLPConfig                      0x080003d3   Thumb Code    20  misc.o(.text)
    SysTick_CLKSourceConfig                  0x080003e7   Thumb Code    24  misc.o(.text)
    GPIO_DeInit                              0x0800040d   Thumb Code   152  stm32f10x_gpio.o(.text)
    GPIO_AFIODeInit                          0x080004a5   Thumb Code    22  stm32f10x_gpio.o(.text)
    GPIO_Init                                0x080004bb   Thumb Code   156  stm32f10x_gpio.o(.text)
    GPIO_StructInit                          0x08000557   Thumb Code    16  stm32f10x_gpio.o(.text)
    GPIO_ReadInputDataBit                    0x08000567   Thumb Code    14  stm32f10x_gpio.o(.text)
    GPIO_ReadInputData                       0x08000575   Thumb Code     6  stm32f10x_gpio.o(.text)
    GPIO_ReadOutputDataBit                   0x0800057b   Thumb Code    14  stm32f10x_gpio.o(.text)
    GPIO_ReadOutputData                      0x08000589   Thumb Code     6  stm32f10x_gpio.o(.text)
    GPIO_SetBits                             0x0800058f   Thumb Code     4  stm32f10x_gpio.o(.text)
    GPIO_ResetBits                           0x08000593   Thumb Code     4  stm32f10x_gpio.o(.text)
    GPIO_ToggleBits                          0x08000597   Thumb Code    20  stm32f10x_gpio.o(.text)
    GPIO_WriteBit                            0x080005ab   Thumb Code    10  stm32f10x_gpio.o(.text)
    GPIO_Write                               0x080005b5   Thumb Code     4  stm32f10x_gpio.o(.text)
    GPIO_PinLockConfig                       0x080005b9   Thumb Code    16  stm32f10x_gpio.o(.text)
    GPIO_EventOutputConfig                   0x080005c9   Thumb Code    22  stm32f10x_gpio.o(.text)
    GPIO_EventOutputCmd                      0x080005df   Thumb Code     6  stm32f10x_gpio.o(.text)
    GPIO_PinRemapConfig                      0x080005e5   Thumb Code    82  stm32f10x_gpio.o(.text)
    GPIO_EXTILineConfig                      0x08000637   Thumb Code    34  stm32f10x_gpio.o(.text)
    GPIO_ETH_MediaInterfaceConfig            0x08000659   Thumb Code     8  stm32f10x_gpio.o(.text)
    RCC_DeInit                               0x08000685   Thumb Code    50  stm32f10x_rcc.o(.text)
    RCC_HSEConfig                            0x080006b7   Thumb Code    48  stm32f10x_rcc.o(.text)
    RCC_GetFlagStatus                        0x080006e7   Thumb Code    42  stm32f10x_rcc.o(.text)
    RCC_WaitForHSEStartUp                    0x08000711   Thumb Code    44  stm32f10x_rcc.o(.text)
    RCC_AdjustHSICalibrationValue            0x0800073d   Thumb Code    16  stm32f10x_rcc.o(.text)
    RCC_HSICmd                               0x0800074d   Thumb Code     6  stm32f10x_rcc.o(.text)
    RCC_PLLConfig                            0x08000753   Thumb Code    16  stm32f10x_rcc.o(.text)
    RCC_PLLCmd                               0x08000763   Thumb Code     6  stm32f10x_rcc.o(.text)
    RCC_SYSCLKConfig                         0x08000769   Thumb Code    14  stm32f10x_rcc.o(.text)
    RCC_GetSYSCLKSource                      0x08000777   Thumb Code    10  stm32f10x_rcc.o(.text)
    RCC_HCLKConfig                           0x08000781   Thumb Code    14  stm32f10x_rcc.o(.text)
    RCC_PCLK1Config                          0x0800078f   Thumb Code    14  stm32f10x_rcc.o(.text)
    RCC_PCLK2Config                          0x0800079d   Thumb Code    16  stm32f10x_rcc.o(.text)
    RCC_ITConfig                             0x080007ad   Thumb Code    18  stm32f10x_rcc.o(.text)
    RCC_USBCLKConfig                         0x080007bf   Thumb Code     8  stm32f10x_rcc.o(.text)
    RCC_ADCCLKConfig                         0x080007c7   Thumb Code    14  stm32f10x_rcc.o(.text)
    RCC_LSEConfig                            0x080007d5   Thumb Code    28  stm32f10x_rcc.o(.text)
    RCC_LSICmd                               0x080007f1   Thumb Code     6  stm32f10x_rcc.o(.text)
    RCC_RTCCLKConfig                         0x080007f7   Thumb Code    10  stm32f10x_rcc.o(.text)
    RCC_RTCCLKCmd                            0x08000801   Thumb Code     8  stm32f10x_rcc.o(.text)
    RCC_GetClocksFreq                        0x08000809   Thumb Code   132  stm32f10x_rcc.o(.text)
    RCC_AHBPeriphClockCmd                    0x0800088d   Thumb Code    18  stm32f10x_rcc.o(.text)
    RCC_APB2PeriphClockCmd                   0x0800089f   Thumb Code    18  stm32f10x_rcc.o(.text)
    RCC_APB1PeriphClockCmd                   0x080008b1   Thumb Code    18  stm32f10x_rcc.o(.text)
    RCC_APB2PeriphResetCmd                   0x080008c3   Thumb Code    18  stm32f10x_rcc.o(.text)
    RCC_APB1PeriphResetCmd                   0x080008d5   Thumb Code    18  stm32f10x_rcc.o(.text)
    RCC_BackupResetCmd                       0x080008e7   Thumb Code     8  stm32f10x_rcc.o(.text)
    RCC_ClockSecuritySystemCmd               0x080008ef   Thumb Code     6  stm32f10x_rcc.o(.text)
    RCC_MCOConfig                            0x080008f5   Thumb Code     6  stm32f10x_rcc.o(.text)
    RCC_ClearFlag                            0x080008fb   Thumb Code    12  stm32f10x_rcc.o(.text)
    RCC_GetITStatus                          0x08000907   Thumb Code    16  stm32f10x_rcc.o(.text)
    RCC_ClearITPendingBit                    0x08000917   Thumb Code     6  stm32f10x_rcc.o(.text)
    TIM_DeInit                               0x0800093d   Thumb Code   304  stm32f10x_tim.o(.text)
    TIM_TimeBaseInit                         0x08000a6d   Thumb Code   114  stm32f10x_tim.o(.text)
    TIM_OC1Init                              0x08000adf   Thumb Code   106  stm32f10x_tim.o(.text)
    TIM_OC2Init                              0x08000b49   Thumb Code   120  stm32f10x_tim.o(.text)
    TIM_OC3Init                              0x08000bc1   Thumb Code   116  stm32f10x_tim.o(.text)
    TIM_OC4Init                              0x08000c35   Thumb Code    90  stm32f10x_tim.o(.text)
    TIM_SetIC4Prescaler                      0x08000c8f   Thumb Code    24  stm32f10x_tim.o(.text)
    TIM_SetIC3Prescaler                      0x08000ca7   Thumb Code    16  stm32f10x_tim.o(.text)
    TIM_SetIC2Prescaler                      0x08000cb7   Thumb Code    24  stm32f10x_tim.o(.text)
    TIM_SetIC1Prescaler                      0x08000d75   Thumb Code    16  stm32f10x_tim.o(.text)
    TIM_ICInit                               0x08000ddd   Thumb Code   270  stm32f10x_tim.o(.text)
    TIM_PWMIConfig                           0x08000eeb   Thumb Code   104  stm32f10x_tim.o(.text)
    TIM_BDTRConfig                           0x08000f53   Thumb Code    34  stm32f10x_tim.o(.text)
    TIM_TimeBaseStructInit                   0x08000f75   Thumb Code    18  stm32f10x_tim.o(.text)
    TIM_OCStructInit                         0x08000f87   Thumb Code    20  stm32f10x_tim.o(.text)
    TIM_ICStructInit                         0x08000f9b   Thumb Code    16  stm32f10x_tim.o(.text)
    TIM_BDTRStructInit                       0x08000fab   Thumb Code    18  stm32f10x_tim.o(.text)
    TIM_Cmd                                  0x08000fbd   Thumb Code    20  stm32f10x_tim.o(.text)
    TIM_CtrlPWMOutputs                       0x08000fd1   Thumb Code    22  stm32f10x_tim.o(.text)
    TIM_ITConfig                             0x08000fe7   Thumb Code    16  stm32f10x_tim.o(.text)
    TIM_GenerateEvent                        0x08000ff7   Thumb Code     4  stm32f10x_tim.o(.text)
    TIM_DMAConfig                            0x08000ffb   Thumb Code     8  stm32f10x_tim.o(.text)
    TIM_DMACmd                               0x08001003   Thumb Code    16  stm32f10x_tim.o(.text)
    TIM_InternalClockConfig                  0x08001013   Thumb Code    10  stm32f10x_tim.o(.text)
    TIM_SelectInputTrigger                   0x0800101d   Thumb Code    12  stm32f10x_tim.o(.text)
    TIM_ITRxExternalClockConfig              0x08001029   Thumb Code    18  stm32f10x_tim.o(.text)
    TIM_TIxExternalClockConfig               0x0800103b   Thumb Code    46  stm32f10x_tim.o(.text)
    TIM_ETRConfig                            0x08001069   Thumb Code    24  stm32f10x_tim.o(.text)
    TIM_ETRClockMode1Config                  0x08001081   Thumb Code    18  stm32f10x_tim.o(.text)
    TIM_ETRClockMode2Config                  0x08001093   Thumb Code    18  stm32f10x_tim.o(.text)
    TIM_PrescalerConfig                      0x080010a5   Thumb Code     6  stm32f10x_tim.o(.text)
    TIM_CounterModeConfig                    0x080010ab   Thumb Code    12  stm32f10x_tim.o(.text)
    TIM_EncoderInterfaceConfig               0x080010b7   Thumb Code    50  stm32f10x_tim.o(.text)
    TIM_ForcedOC1Config                      0x080010e9   Thumb Code    12  stm32f10x_tim.o(.text)
    TIM_ForcedOC2Config                      0x080010f5   Thumb Code    20  stm32f10x_tim.o(.text)
    TIM_ForcedOC3Config                      0x08001109   Thumb Code    12  stm32f10x_tim.o(.text)
    TIM_ForcedOC4Config                      0x08001115   Thumb Code    20  stm32f10x_tim.o(.text)
    TIM_ARRPreloadConfig                     0x08001129   Thumb Code    20  stm32f10x_tim.o(.text)
    TIM_SelectCOM                            0x0800113d   Thumb Code    20  stm32f10x_tim.o(.text)
    TIM_SelectCCDMA                          0x08001151   Thumb Code    20  stm32f10x_tim.o(.text)
    TIM_CCPreloadControl                     0x08001165   Thumb Code    20  stm32f10x_tim.o(.text)
    TIM_OC1PreloadConfig                     0x08001179   Thumb Code    32  stm32f10x_tim.o(.text)
    TIM_OC2PreloadConfig                     0x08001199   Thumb Code    20  stm32f10x_tim.o(.text)
    TIM_OC3PreloadConfig                     0x080011ad   Thumb Code    12  stm32f10x_tim.o(.text)
    TIM_OC4PreloadConfig                     0x080011b9   Thumb Code    20  stm32f10x_tim.o(.text)
    TIM_OC1FastConfig                        0x080011cd   Thumb Code    12  stm32f10x_tim.o(.text)
    TIM_OC2FastConfig                        0x080011d9   Thumb Code    20  stm32f10x_tim.o(.text)
    TIM_OC3FastConfig                        0x080011ed   Thumb Code    12  stm32f10x_tim.o(.text)
    TIM_OC4FastConfig                        0x080011f9   Thumb Code    20  stm32f10x_tim.o(.text)
    TIM_ClearOC1Ref                          0x0800120d   Thumb Code    12  stm32f10x_tim.o(.text)
    TIM_ClearOC2Ref                          0x08001219   Thumb Code    20  stm32f10x_tim.o(.text)
    TIM_ClearOC3Ref                          0x0800122d   Thumb Code    12  stm32f10x_tim.o(.text)
    TIM_ClearOC4Ref                          0x08001239   Thumb Code    20  stm32f10x_tim.o(.text)
    TIM_OC1PolarityConfig                    0x0800124d   Thumb Code    12  stm32f10x_tim.o(.text)
    TIM_OC1NPolarityConfig                   0x08001259   Thumb Code    12  stm32f10x_tim.o(.text)
    TIM_OC2PolarityConfig                    0x08001265   Thumb Code    20  stm32f10x_tim.o(.text)
    TIM_OC2NPolarityConfig                   0x08001279   Thumb Code    20  stm32f10x_tim.o(.text)
    TIM_OC3PolarityConfig                    0x0800128d   Thumb Code    20  stm32f10x_tim.o(.text)
    TIM_OC3NPolarityConfig                   0x080012a1   Thumb Code    20  stm32f10x_tim.o(.text)
    TIM_OC4PolarityConfig                    0x080012b5   Thumb Code    20  stm32f10x_tim.o(.text)
    TIM_CCxCmd                               0x080012c9   Thumb Code    22  stm32f10x_tim.o(.text)
    TIM_CCxNCmd                              0x080012df   Thumb Code    22  stm32f10x_tim.o(.text)
    TIM_SelectOCxM                           0x080012f5   Thumb Code    70  stm32f10x_tim.o(.text)
    TIM_UpdateDisableConfig                  0x0800133b   Thumb Code    20  stm32f10x_tim.o(.text)
    TIM_UpdateRequestConfig                  0x0800134f   Thumb Code    20  stm32f10x_tim.o(.text)
    TIM_SelectHallSensor                     0x08001363   Thumb Code    20  stm32f10x_tim.o(.text)
    TIM_SelectOnePulseMode                   0x08001377   Thumb Code    16  stm32f10x_tim.o(.text)
    TIM_SelectOutputTrigger                  0x08001387   Thumb Code    16  stm32f10x_tim.o(.text)
    TIM_SelectSlaveMode                      0x08001397   Thumb Code    16  stm32f10x_tim.o(.text)
    TIM_SelectMasterSlaveMode                0x080013a7   Thumb Code    16  stm32f10x_tim.o(.text)
    TIM_SetCounter                           0x080013b7   Thumb Code     4  stm32f10x_tim.o(.text)
    TIM_SetAutoreload                        0x080013bb   Thumb Code     4  stm32f10x_tim.o(.text)
    TIM_SetCompare1                          0x080013bf   Thumb Code     4  stm32f10x_tim.o(.text)
    TIM_SetCompare2                          0x080013c3   Thumb Code     4  stm32f10x_tim.o(.text)
    TIM_SetCompare3                          0x080013c7   Thumb Code     4  stm32f10x_tim.o(.text)
    TIM_SetCompare4                          0x080013cb   Thumb Code     6  stm32f10x_tim.o(.text)
    TIM_SetClockDivision                     0x080013d1   Thumb Code    16  stm32f10x_tim.o(.text)
    TIM_GetCapture1                          0x080013e1   Thumb Code     4  stm32f10x_tim.o(.text)
    TIM_GetCapture2                          0x080013e5   Thumb Code     4  stm32f10x_tim.o(.text)
    TIM_GetCapture3                          0x080013e9   Thumb Code     4  stm32f10x_tim.o(.text)
    TIM_GetCapture4                          0x080013ed   Thumb Code     6  stm32f10x_tim.o(.text)
    TIM_GetCounter                           0x080013f3   Thumb Code     4  stm32f10x_tim.o(.text)
    TIM_GetPrescaler                         0x080013f7   Thumb Code     4  stm32f10x_tim.o(.text)
    TIM_GetFlagStatus                        0x080013fb   Thumb Code    14  stm32f10x_tim.o(.text)
    TIM_ClearFlag                            0x08001409   Thumb Code     6  stm32f10x_tim.o(.text)
    TIM_GetITStatus                          0x0800140f   Thumb Code    24  stm32f10x_tim.o(.text)
    TIM_ClearITPendingBit                    0x08001427   Thumb Code     6  stm32f10x_tim.o(.text)
    USART_DeInit                             0x0800142d   Thumb Code    96  stm32f10x_usart.o(.text)
    USART_Init                               0x0800148d   Thumb Code   166  stm32f10x_usart.o(.text)
    USART_StructInit                         0x08001533   Thumb Code    22  stm32f10x_usart.o(.text)
    USART_ClockInit                          0x08001549   Thumb Code    30  stm32f10x_usart.o(.text)
    USART_ClockStructInit                    0x08001567   Thumb Code    12  stm32f10x_usart.o(.text)
    USART_Cmd                                0x08001573   Thumb Code    20  stm32f10x_usart.o(.text)
    USART_ITConfig                           0x08001587   Thumb Code    48  stm32f10x_usart.o(.text)
    USART_DMACmd                             0x080015b7   Thumb Code    16  stm32f10x_usart.o(.text)
    USART_SetAddress                         0x080015c7   Thumb Code    16  stm32f10x_usart.o(.text)
    USART_WakeUpConfig                       0x080015d7   Thumb Code    16  stm32f10x_usart.o(.text)
    USART_ReceiverWakeUpCmd                  0x080015e7   Thumb Code    20  stm32f10x_usart.o(.text)
    USART_LINBreakDetectLengthConfig         0x080015fb   Thumb Code    16  stm32f10x_usart.o(.text)
    USART_LINCmd                             0x0800160b   Thumb Code    20  stm32f10x_usart.o(.text)
    USART_SendData                           0x0800161f   Thumb Code     8  stm32f10x_usart.o(.text)
    USART_ReceiveData                        0x08001627   Thumb Code     8  stm32f10x_usart.o(.text)
    USART_SendBreak                          0x0800162f   Thumb Code    10  stm32f10x_usart.o(.text)
    USART_SetGuardTime                       0x08001639   Thumb Code    16  stm32f10x_usart.o(.text)
    USART_SetPrescaler                       0x08001649   Thumb Code    16  stm32f10x_usart.o(.text)
    USART_SmartCardCmd                       0x08001659   Thumb Code    20  stm32f10x_usart.o(.text)
    USART_SmartCardNACKCmd                   0x0800166d   Thumb Code    20  stm32f10x_usart.o(.text)
    USART_HalfDuplexCmd                      0x08001681   Thumb Code    20  stm32f10x_usart.o(.text)
    USART_OverSampling8Cmd                   0x08001695   Thumb Code    20  stm32f10x_usart.o(.text)
    USART_OneBitMethodCmd                    0x080016a9   Thumb Code    20  stm32f10x_usart.o(.text)
    USART_IrDAConfig                         0x080016bd   Thumb Code    16  stm32f10x_usart.o(.text)
    USART_IrDACmd                            0x080016cd   Thumb Code    20  stm32f10x_usart.o(.text)
    USART_GetFlagStatus                      0x080016e1   Thumb Code    14  stm32f10x_usart.o(.text)
    USART_ClearFlag                          0x080016ef   Thumb Code     6  stm32f10x_usart.o(.text)
    USART_GetITStatus                        0x080016f5   Thumb Code    62  stm32f10x_usart.o(.text)
    USART_ClearITPendingBit                  0x08001733   Thumb Code    12  stm32f10x_usart.o(.text)
    LED_Init                                 0x08001755   Thumb Code    92  led.o(.text)
    main                                     0x080018e9   Thumb Code    66  main.o(.text)
    NMI_Handler                              0x08001b1d   Thumb Code     2  stm32f10x_it.o(.text)
    HardFault_Handler                        0x08001b1f   Thumb Code     2  stm32f10x_it.o(.text)
    MemManage_Handler                        0x08001b21   Thumb Code     2  stm32f10x_it.o(.text)
    BusFault_Handler                         0x08001b23   Thumb Code     2  stm32f10x_it.o(.text)
    UsageFault_Handler                       0x08001b25   Thumb Code     2  stm32f10x_it.o(.text)
    DebugMon_Handler                         0x08001b27   Thumb Code     2  stm32f10x_it.o(.text)
    SysTick_Handler                          0x08001b29   Thumb Code    20  stm32f10x_it.o(.text)
    TIM6_IRQHandler                          0x08001b3d   Thumb Code    38  stm32f10x_it.o(.text)
    USART_Config                             0x08001b6d   Thumb Code   168  uart.o(.text)
    Usart_SendByte                           0x08001c15   Thumb Code    22  uart.o(.text)
    Usart_SendArray                          0x08001c2b   Thumb Code    46  uart.o(.text)
    Usart_SendString                         0x08001c59   Thumb Code    38  uart.o(.text)
    Usart_SendHalfWord                       0x08001c7f   Thumb Code    50  uart.o(.text)
    fputc                                    0x08001cb1   Thumb Code    30  uart.o(.text)
    fgetc                                    0x08001ccf   Thumb Code    26  uart.o(.text)
    BASIC_TIM_Init                           0x08001cf1   Thumb Code   100  timbase.o(.text)
    vListInitialise                          0x08001d59   Thumb Code    22  list.o(.text)
    vListInitialiseItem                      0x08001d6f   Thumb Code     6  list.o(.text)
    vListInsertEnd                           0x08001d75   Thumb Code    24  list.o(.text)
    vListInsert                              0x08001d8d   Thumb Code    48  list.o(.text)
    uxListRemove                             0x08001dbd   Thumb Code    36  list.o(.text)
    xTaskCreate                              0x08001ea1   Thumb Code    86  tasks.o(.text)
    vTaskDelete                              0x08001ef7   Thumb Code   154  tasks.o(.text)
    xTaskIncrementTick                       0x08001f91   Thumb Code   186  tasks.o(.text)
    xTaskResumeAll                           0x0800204b   Thumb Code   182  tasks.o(.text)
    vTaskSuspendAll                          0x08002167   Thumb Code    10  tasks.o(.text)
    vTaskDelayUntil                          0x08002171   Thumb Code   184  tasks.o(.text)
    vTaskDelay                               0x08002229   Thumb Code    66  tasks.o(.text)
    eTaskGetState                            0x0800226b   Thumb Code    94  tasks.o(.text)
    uxTaskPriorityGet                        0x080022c9   Thumb Code    24  tasks.o(.text)
    uxTaskPriorityGetFromISR                 0x080022e1   Thumb Code    40  tasks.o(.text)
    vTaskPrioritySet                         0x08002309   Thumb Code   176  tasks.o(.text)
    vTaskSwitchContext                       0x080023b9   Thumb Code   108  tasks.o(.text)
    vTaskSuspend                             0x08002425   Thumb Code   156  tasks.o(.text)
    vTaskResume                              0x080024f1   Thumb Code   116  tasks.o(.text)
    xTaskResumeFromISR                       0x08002565   Thumb Code   126  tasks.o(.text)
    vTaskStartScheduler                      0x08002601   Thumb Code   132  tasks.o(.text)
    vTaskEndScheduler                        0x08002685   Thumb Code    24  tasks.o(.text)
    xTaskGetTickCount                        0x0800269d   Thumb Code     6  tasks.o(.text)
    xTaskGetTickCountFromISR                 0x080026a3   Thumb Code    12  tasks.o(.text)
    uxTaskGetNumberOfTasks                   0x080026af   Thumb Code     6  tasks.o(.text)
    pcTaskGetName                            0x080026b5   Thumb Code    38  tasks.o(.text)
    vTaskGetInfo                             0x080026db   Thumb Code   128  tasks.o(.text)
    uxTaskGetSystemState                     0x080027af   Thumb Code   158  tasks.o(.text)
    vTaskPlaceOnEventList                    0x0800284d   Thumb Code    46  tasks.o(.text)
    vTaskPlaceOnUnorderedEventList           0x0800287b   Thumb Code    78  tasks.o(.text)
    xTaskRemoveFromEventList                 0x080028c9   Thumb Code   106  tasks.o(.text)
    xTaskRemoveFromUnorderedEventList        0x08002933   Thumb Code   116  tasks.o(.text)
    vTaskSetTimeOutState                     0x080029a7   Thumb Code    34  tasks.o(.text)
    xTaskCheckForTimeOut                     0x080029c9   Thumb Code   102  tasks.o(.text)
    vTaskMissedYield                         0x08002a2f   Thumb Code     8  tasks.o(.text)
    uxTaskGetTaskNumber                      0x08002a37   Thumb Code     8  tasks.o(.text)
    vTaskSetTaskNumber                       0x08002a3f   Thumb Code     8  tasks.o(.text)
    xTaskGetSchedulerState                   0x08002a47   Thumb Code    38  tasks.o(.text)
    vTaskList                                0x08002a6d   Thumb Code   164  tasks.o(.text)
    vTaskGetRunTimeStats                     0x08002b11   Thumb Code   146  tasks.o(.text)
    uxTaskResetEventItemValue                0x08002ba3   Thumb Code    20  tasks.o(.text)
    ulTaskNotifyTake                         0x08002bb7   Thumb Code    96  tasks.o(.text)
    xTaskNotifyWait                          0x08002c17   Thumb Code   128  tasks.o(.text)
    xTaskGenericNotify                       0x08002c97   Thumb Code   190  tasks.o(.text)
    xTaskGenericNotifyFromISR                0x08002d55   Thumb Code   226  tasks.o(.text)
    vTaskNotifyGiveFromISR                   0x08002e37   Thumb Code   228  tasks.o(.text)
    xTaskNotifyStateClear                    0x08002f1b   Thumb Code    44  tasks.o(.text)
    pvPortMalloc                             0x080030f5   Thumb Code   214  heap_4.o(.text)
    vPortFree                                0x080031cb   Thumb Code    96  heap_4.o(.text)
    xPortGetFreeHeapSize                     0x0800322b   Thumb Code     8  heap_4.o(.text)
    xPortGetMinimumEverFreeHeapSize          0x08003233   Thumb Code     8  heap_4.o(.text)
    vPortInitialiseBlocks                    0x0800323b   Thumb Code     2  heap_4.o(.text)
    pxPortInitialiseStack                    0x080032df   Thumb Code    32  port.o(.text)
    vPortSetupTimerInterrupt                 0x080032ff   Thumb Code    26  port.o(.text)
    xPortStartScheduler                      0x08003319   Thumb Code   108  port.o(.text)
    vPortEndScheduler                        0x08003385   Thumb Code    24  port.o(.text)
    vPortEnterCritical                       0x0800339d   Thumb Code    52  port.o(.text)
    vPortExitCritical                        0x080033d1   Thumb Code    34  port.o(.text)
    xPortSysTickHandler                      0x080033f3   Thumb Code    40  port.o(.text)
    vPortValidateInterruptPriority           0x0800341b   Thumb Code    72  port.o(.text)
    __aeabi_memset                           0x080034b1   Thumb Code    14  memseta.o(.text)
    __aeabi_memset4                          0x080034b1   Thumb Code     0  memseta.o(.text)
    __aeabi_memset8                          0x080034b1   Thumb Code     0  memseta.o(.text)
    __aeabi_memclr                           0x080034bf   Thumb Code     4  memseta.o(.text)
    __aeabi_memclr4                          0x080034bf   Thumb Code     0  memseta.o(.text)
    __aeabi_memclr8                          0x080034bf   Thumb Code     0  memseta.o(.text)
    _memset$wrapper                          0x080034c3   Thumb Code    18  memseta.o(.text)
    strlen                                   0x080034d5   Thumb Code    14  strlen.o(.text)
    strcpy                                   0x080034e3   Thumb Code    18  strcpy.o(.text)
    __aeabi_uidiv                            0x080034f5   Thumb Code     0  uidiv.o(.text)
    __aeabi_uidivmod                         0x080034f5   Thumb Code    44  uidiv.o(.text)
    __scatterload                            0x08003521   Thumb Code    28  init.o(.text)
    __scatterload_rt2                        0x08003521   Thumb Code     0  init.o(.text)
    __0printf$3                              0x08003545   Thumb Code    22  printf3.o(i.__0printf$3)
    __1printf$3                              0x08003545   Thumb Code     0  printf3.o(i.__0printf$3)
    __2printf                                0x08003545   Thumb Code     0  printf3.o(i.__0printf$3)
    __0sprintf$3                             0x08003565   Thumb Code    34  printf3.o(i.__0sprintf$3)
    __1sprintf$3                             0x08003565   Thumb Code     0  printf3.o(i.__0sprintf$3)
    __2sprintf                               0x08003565   Thumb Code     0  printf3.o(i.__0sprintf$3)
    __scatterload_copy                       0x0800358d   Thumb Code    14  handlers.o(i.__scatterload_copy)
    __scatterload_null                       0x0800359b   Thumb Code     2  handlers.o(i.__scatterload_null)
    __scatterload_zeroinit                   0x0800359d   Thumb Code    14  handlers.o(i.__scatterload_zeroinit)
    Region$$Table$$Base                      0x08003770   Number         0  anon$$obj.o(Region$$Table)
    Region$$Table$$Limit                     0x08003790   Number         0  anon$$obj.o(Region$$Table)
    SystemCoreClock                          0x20000000   Data           4  system_stm32f10x.o(.data)
    AHBPrescTable                            0x20000004   Data          16  system_stm32f10x.o(.data)
    CPU_RunTime                              0x20000038   Data           4  stm32f10x_it.o(.data)
    pxCurrentTCB                             0x2000003c   Data           4  tasks.o(.data)
    __stdout                                 0x200000a4   Data           4  stdout.o(.data)
    __initial_sp                             0x20009790   Data           0  startup_stm32f10x_hd.o(STACK)



==============================================================================

Memory Map of the image

  Image Entry point : 0x08000131

  Load Region LR_IROM1 (Base: 0x08000000, Size: 0x00003838, Max: 0x00080000, ABSOLUTE)

    Execution Region ER_IROM1 (Exec base: 0x08000000, Load base: 0x08000000, Size: 0x00003790, Max: 0x00080000, ABSOLUTE)

    Exec Addr    Load Addr    Size         Type   Attr      Idx    E Section Name        Object

    0x08000000   0x08000000   0x00000130   Data   RO            3    RESET               startup_stm32f10x_hd.o
    0x08000130   0x08000130   0x00000000   Code   RO          730  * .ARM.Collect$$$$00000000  mc_w.l(entry.o)
    0x08000130   0x08000130   0x00000004   Code   RO         1004    .ARM.Collect$$$$00000001  mc_w.l(entry2.o)
    0x08000134   0x08000134   0x00000004   Code   RO         1007    .ARM.Collect$$$$00000004  mc_w.l(entry5.o)
    0x08000138   0x08000138   0x00000000   Code   RO         1009    .ARM.Collect$$$$00000008  mc_w.l(entry7b.o)
    0x08000138   0x08000138   0x00000000   Code   RO         1011    .ARM.Collect$$$$0000000A  mc_w.l(entry8b.o)
    0x08000138   0x08000138   0x00000008   Code   RO         1012    .ARM.Collect$$$$0000000B  mc_w.l(entry9a.o)
    0x08000140   0x08000140   0x00000004   Code   RO         1019    .ARM.Collect$$$$0000000E  mc_w.l(entry12b.o)
    0x08000144   0x08000144   0x00000000   Code   RO         1014    .ARM.Collect$$$$0000000F  mc_w.l(entry10a.o)
    0x08000144   0x08000144   0x00000000   Code   RO         1016    .ARM.Collect$$$$00000011  mc_w.l(entry11a.o)
    0x08000144   0x08000144   0x00000004   Code   RO         1005    .ARM.Collect$$$$00002712  mc_w.l(entry2.o)
    0x08000148   0x08000148   0x00000096   Code   RO          699    .emb_text           port.o
    0x080001de   0x080001de   0x00000002   PAD
    0x080001e0   0x080001e0   0x00000024   Code   RO            4    .text               startup_stm32f10x_hd.o
    0x08000204   0x08000204   0x00000158   Code   RO           24    .text               system_stm32f10x.o
    0x0800035c   0x0800035c   0x000000b0   Code   RO          121    .text               misc.o
    0x0800040c   0x0800040c   0x00000278   Code   RO          270    .text               stm32f10x_gpio.o
    0x08000684   0x08000684   0x000002b8   Code   RO          319    .text               stm32f10x_rcc.o
    0x0800093c   0x0800093c   0x00000af0   Code   RO          370    .text               stm32f10x_tim.o
    0x0800142c   0x0800142c   0x00000328   Code   RO          383    .text               stm32f10x_usart.o
    0x08001754   0x08001754   0x00000060   Code   RO          407    .text               led.o
    0x080017b4   0x080017b4   0x00000368   Code   RO          422    .text               main.o
    0x08001b1c   0x08001b1c   0x00000050   Code   RO          480    .text               stm32f10x_it.o
    0x08001b6c   0x08001b6c   0x00000184   Code   RO          501    .text               uart.o
    0x08001cf0   0x08001cf0   0x00000068   Code   RO          548    .text               timbase.o
    0x08001d58   0x08001d58   0x00000088   Code   RO          612    .text               list.o
    0x08001de0   0x08001de0   0x000012cc   Code   RO          646    .text               tasks.o
    0x080030ac   0x080030ac   0x00000210   Code   RO          684    .text               heap_4.o
    0x080032bc   0x080032bc   0x000001f4   Code   RO          700    .text               port.o
    0x080034b0   0x080034b0   0x00000024   Code   RO          735    .text               mc_w.l(memseta.o)
    0x080034d4   0x080034d4   0x0000000e   Code   RO          737    .text               mc_w.l(strlen.o)
    0x080034e2   0x080034e2   0x00000012   Code   RO          739    .text               mc_w.l(strcpy.o)
    0x080034f4   0x080034f4   0x0000002c   Code   RO         1021    .text               mc_w.l(uidiv.o)
    0x08003520   0x08003520   0x00000024   Code   RO         1036    .text               mc_w.l(init.o)
    0x08003544   0x08003544   0x00000020   Code   RO          832    i.__0printf$3       mc_w.l(printf3.o)
    0x08003564   0x08003564   0x00000028   Code   RO          834    i.__0sprintf$3      mc_w.l(printf3.o)
    0x0800358c   0x0800358c   0x0000000e   Code   RO         1048    i.__scatterload_copy  mc_w.l(handlers.o)
    0x0800359a   0x0800359a   0x00000002   Code   RO         1049    i.__scatterload_null  mc_w.l(handlers.o)
    0x0800359c   0x0800359c   0x0000000e   Code   RO         1050    i.__scatterload_zeroinit  mc_w.l(handlers.o)
    0x080035aa   0x080035aa   0x00000002   PAD
    0x080035ac   0x080035ac   0x000001b8   Code   RO          839    i._printf_core      mc_w.l(printf3.o)
    0x08003764   0x08003764   0x0000000a   Code   RO          841    i._sputc            mc_w.l(printf3.o)
    0x0800376e   0x0800376e   0x00000002   PAD
    0x08003770   0x08003770   0x00000020   Data   RO         1046    Region$$Table       anon$$obj.o


    Execution Region RW_IRAM1 (Exec base: 0x20000000, Load base: 0x08003790, Size: 0x00009790, Max: 0x00010000, ABSOLUTE)

    Exec Addr    Load Addr    Size         Type   Attr      Idx    E Section Name        Object

    0x20000000   0x08003790   0x00000014   Data   RW           25    .data               system_stm32f10x.o
    0x20000014   0x080037a4   0x00000014   Data   RW          320    .data               stm32f10x_rcc.o
    0x20000028   0x080037b8   0x00000010   Data   RW          423    .data               main.o
    0x20000038   0x080037c8   0x00000004   Data   RW          481    .data               stm32f10x_it.o
    0x2000003c   0x080037cc   0x00000044   Data   RW          648    .data               tasks.o
    0x20000080   0x08003810   0x00000018   Data   RW          686    .data               heap_4.o
    0x20000098   0x08003828   0x0000000c   Data   RW          701    .data               port.o
    0x200000a4   0x08003834   0x00000004   Data   RW         1020    .data               mc_w.l(stdout.o)
    0x200000a8        -       0x000002e4   Zero   RW          647    .bss                tasks.o
    0x2000038c        -       0x00009000   Zero   RW          685    .bss                heap_4.o
    0x2000938c   0x08003838   0x00000004   PAD
    0x20009390        -       0x00000400   Zero   RW            1    STACK               startup_stm32f10x_hd.o


==============================================================================

Image component sizes


      Code (inc. data)   RO Data    RW Data    ZI Data      Debug   Object Name

         0          0          0          0          0       4508   core_cm3.o
         0          0          0          0          0       1476   event_groups.o
       528         62          0         24      36864       3540   heap_4.o
        96          4          0          0          0        543   led.o
       136          0          0          0          0       1918   list.o
       872        498          0         16          0      12327   main.o
       176         14          0          0          0       1993   misc.o
       650         90          0         12          0       7877   port.o
        36          8        304          0       1024        884   startup_stm32f10x_hd.o
       632         36          0          0          0       6503   stm32f10x_gpio.o
        80         10          0          4          0       2025   stm32f10x_it.o
       696         32          0         20          0       9140   stm32f10x_rcc.o
      2800         84          0          0          0      24058   stm32f10x_tim.o
       808         22          0          0          0       8980   stm32f10x_usart.o
       344         34          0         20          0     250655   system_stm32f10x.o
      4812        228          0         68        740      32650   tasks.o
       104          4          0          0          0       1093   timbase.o
       388          8          0          0          0       3960   uart.o

    ----------------------------------------------------------------------
     13160       1134        336        164      38632     374130   Object Totals
         0          0         32          0          0          0   (incl. Generated)
         2          0          0          0          4          0   (incl. Padding)

    ----------------------------------------------------------------------

      Code (inc. data)   RO Data    RW Data    ZI Data      Debug   Library Member Name

         0          0          0          0          0          0   entry.o
         0          0          0          0          0          0   entry10a.o
         0          0          0          0          0          0   entry11a.o
         4          0          0          0          0          0   entry12b.o
         8          4          0          0          0          0   entry2.o
         4          0          0          0          0          0   entry5.o
         0          0          0          0          0          0   entry7b.o
         0          0          0          0          0          0   entry8b.o
         8          4          0          0          0          0   entry9a.o
        30          0          0          0          0          0   handlers.o
        36          8          0          0          0         68   init.o
        36          0          0          0          0        108   memseta.o
       522         20          0          0          0        336   printf3.o
         0          0          0          4          0          0   stdout.o
        18          0          0          0          0         68   strcpy.o
        14          0          0          0          0         68   strlen.o
        44          0          0          0          0         80   uidiv.o

    ----------------------------------------------------------------------
       728         36          0          4          0        728   Library Totals
         4          0          0          0          0          0   (incl. Padding)

    ----------------------------------------------------------------------

      Code (inc. data)   RO Data    RW Data    ZI Data      Debug   Library Name

       724         36          0          4          0        728   mc_w.l

    ----------------------------------------------------------------------
       728         36          0          4          0        728   Library Totals

    ----------------------------------------------------------------------

==============================================================================


      Code (inc. data)   RO Data    RW Data    ZI Data      Debug   

     13888       1170        336        168      38632     372618   Grand Totals
     13888       1170        336        168      38632     372618   ELF Image Totals
     13888       1170        336        168          0          0   ROM Totals

==============================================================================

    Total RO  Size (Code + RO Data)                14224 (  13.89kB)
    Total RW  Size (RW Data + ZI Data)             38800 (  37.89kB)
    Total ROM Size (Code + RO Data + RW Data)      14392 (  14.05kB)

==============================================================================

