<html>
<body>
<pre>
<h1>µVision Build Log</h1>
<h2>Tool Versions:</h2>
IDE-Version: ¦ÌVision V5.38.0.0
Copyright (C) 2022 ARM Ltd and ARM Germany GmbH. All rights reserved.
License Information: 1 qiu, 1, LIC=JL28G-V89FM-MML9I-TXR8R-9LM29-P5CGD
 
Tool Versions:
Toolchain:       MDK-ARM Plus  Version: 5.38.0.0
Toolchain Path:  E:\dianzi\MDKv5\ARM\ARMCLANG\Bin
C Compiler:      ArmClang.exe V6.19
Assembler:       Armasm.exe V6.19
Linker/Locator:  ArmLink.exe V6.19
Library Manager: ArmAr.exe V6.19
Hex Converter:   FromElf.exe V6.19
CPU DLL:         SARMCM3.DLL V5.38.0.0
Dialog DLL:      DCM.DLL V1.17.5.0
Target DLL:      STLink\ST-LINKIII-KEIL_SWO.dll V3.0.1.0
Dialog DLL:      TCM.DLL V1.56.4.0
 
<h2>Project:</h2>
E:\StudyNote\study_FreeRTOS\2.code\1.Template\Projects\FreeRTOSH7.uvprojx
Project File Date:  08/11/2025

<h2>Output:</h2>
*** Using Compiler 'V6.19', folder: 'E:\dianzi\MDKv5\ARM\ARMCLANG\Bin'
Rebuild target 'FreeRTOS'
assembling startup_stm32h750xx.s...
compiling sys.c...
compiling stm32h7xx_it.c...
compiling usart.c...
compiling delay.c...
compiling stm32h7xx_hal_dma_ex.c...
compiling freertos_demo.c...
compiling stm32h7xx_hal_pwr.c...
compiling stm32h7xx_hal_cortex.c...
compiling main.c...
compiling stm32h7xx_hal_gpio.c...
compiling system_stm32h7xx.c...
compiling stm32h7xx_hal.c...
compiling stm32h7xx_hal_pwr_ex.c...
compiling stm32h7xx_hal_dma.c...
compiling stm32h7xx_hal_rcc.c...
compiling stm32h7xx_hal_uart_ex.c...
compiling stm32h7xx_hal_usart_ex.c...
compiling stm32h7xx_hal_rcc_ex.c...
compiling stm32h7xx_hal_sram.c...
compiling led.c...
compiling key.c...
compiling stm32h7xx_hal_mdma.c...
compiling stm32h7xx_ll_fmc.c...
compiling stm32h7xx_hal_tim_ex.c...
compiling mpu.c...
compiling stm32h7xx_hal_uart.c...
compiling stm32h7xx_hal_usart.c...
compiling btim.c...
compiling croutine.c...
compiling malloc.c...
compiling stm32h7xx_hal_tim.c...
compiling list.c...
compiling event_groups.c...
compiling stream_buffer.c...
compiling port.c...
compiling heap_4.c...
compiling timers.c...
compiling queue.c...
compiling lcd.c...
compiling tasks.c...
linking...
Program Size: Code=58004 RO-data=19564 RW-data=108 ZI-data=1028252  
FromELF: creating hex file...
"..\Output\FreeRTOSH7.axf" - 0 Error(s), 0 Warning(s).

<h2>Software Packages used:</h2>

Package Vendor: Keil
                https://www.keil.com/pack/Keil.STM32H7xx_DFP.3.1.0.pack
                Keil.STM32H7xx_DFP.3.1.0
                STMicroelectronics STM32H7 Series Device Support and Examples

<h2>Collection of Component include folders:</h2>
  E:/dianzi/MDKv5/Keil/STM32H7xx_DFP/3.1.0/Drivers/CMSIS/Device/ST/STM32H7xx/Include

<h2>Collection of Component Files used:</h2>
Build Time Elapsed:  00:00:03
</pre>
</body>
</html>
